✨ Pixi task (lint): ruff check src tests scripts
All checks passed!

✨ Pixi task (test): python -m pytest -v
============================= test session starts ==============================
platform darwin -- Python 3.12.14, pytest-9.1.1, pluggy-1.6.0
rootdir: /Users/jlwang/Desktop/organoid_analysis
configfile: pyproject.toml
testpaths: tests
plugins: cov-7.1.0, anyio-4.14.2
collected 352 items / 8 deselected / 344 selected

tests/microscopy_io/test_io.py .................                         [  4%]
tests/microscopy_io/test_metadata_contract_regressions.py .............. [  9%]
........................                                                 [ 15%]
tests/microscopy_io/test_resampling.py .............                     [ 19%]
tests/microscopy_io/test_voxel_spacing.py ...............                [ 24%]
tests/phenotyping/test_viability_summary.py ........                     [ 26%]
tests/quantification/test_audit_contracts.py ............                [ 29%]
tests/quantification/test_cellular_measurements.py ..............        [ 34%]
tests/quantification/test_geometry.py .....                              [ 35%]
tests/quantification/test_labels.py ...                                  [ 36%]
tests/quantification/test_marker_measurements.py ....                    [ 37%]
tests/quantification/test_mask_feature_semantics.py ......               [ 39%]
tests/quantification/test_mask_features.py ................              [ 43%]
tests/segmentation/test_cellpose_inference.py .............              [ 47%]
tests/segmentation/test_inference_contract_regressions.py .............. [ 51%]
.                                                                        [ 52%]
tests/segmentation/test_parameter_estimation.py .........                [ 54%]
tests/segmentation/test_watershed_instances.py ..........                [ 57%]
tests/statistics/test_exploration.py ..................                  [ 62%]
tests/statistics/test_inference.py ...........                           [ 65%]
tests/statistics/test_statistical_contract_regressions.py ...........    [ 69%]
tests/test_validate_notebooks_script.py .                                [ 69%]
tests/visualization/test_3d_preview.py .......................           [ 76%]
tests/visualization/test_layout_render.py sssss                          [ 77%]
tests/visualization/test_render_smoke.py sss                             [ 78%]
tests/visualization/test_surface_coordinates.py ..                       [ 79%]
tests/visualization/test_viewer.py ............................          [ 87%]
tests/web_interface/test_multilevel_results_ui.py .                      [ 87%]
tests/web_interface/test_segmentation_workspace.py .........             [ 90%]
tests/workflows/test_export_contract_regressions.py .....                [ 91%]
tests/workflows/test_mask_feature_bundle.py ....                         [ 92%]
tests/workflows/test_multilevel_measurement_workflow.py ...............  [ 97%]
tests/workflows/test_multilevel_numerical_regressions.py ....            [ 98%]
tests/workflows/test_organoid_measurement_workflow.py ......             [100%]

=============================== warnings summary ===============================
tests/microscopy_io/test_io.py: 3 warnings
tests/microscopy_io/test_metadata_contract_regressions.py: 8 warnings
tests/quantification/test_cellular_measurements.py: 2 warnings
tests/segmentation/test_cellpose_inference.py: 3 warnings
tests/statistics/test_inference.py: 7 warnings
tests/visualization/test_3d_preview.py: 6 warnings
tests/workflows/test_export_contract_regressions.py: 2 warnings
tests/workflows/test_multilevel_measurement_workflow.py: 3 warnings
tests/workflows/test_multilevel_numerical_regressions.py: 2 warnings
tests/workflows/test_organoid_measurement_workflow.py: 9 warnings
  /Users/jlwang/Desktop/organoid_analysis/.pixi/envs/default/lib/python3.12/site-packages/tifffile/tifffile.py:4656: DeprecationWarning: Setting the shape on a NumPy array has been deprecated in NumPy 2.5.
  As an alternative, you can create a new view using np.reshape (with copy=False if needed).
    result.shape = shape

tests/microscopy_io/test_metadata_contract_regressions.py: 3 warnings
tests/quantification/test_cellular_measurements.py: 96 warnings
tests/workflows/test_export_contract_regressions.py: 6 warnings
tests/workflows/test_multilevel_measurement_workflow.py: 48 warnings
tests/workflows/test_organoid_measurement_workflow.py: 20 warnings
  /Users/jlwang/Desktop/organoid_analysis/.pixi/envs/default/lib/python3.12/site-packages/tifffile/tifffile.py:23116: DeprecationWarning: Setting the shape on a NumPy array has been deprecated in NumPy 2.5.
  As an alternative, you can create a new view using np.reshape (with copy=False if needed).
    out.shape = shape

tests/microscopy_io/test_metadata_contract_regressions.py: 3 warnings
tests/quantification/test_cellular_measurements.py: 96 warnings
tests/segmentation/test_cellpose_inference.py: 2 warnings
tests/workflows/test_export_contract_regressions.py: 6 warnings
tests/workflows/test_multilevel_measurement_workflow.py: 48 warnings
tests/workflows/test_organoid_measurement_workflow.py: 20 warnings
  /Users/jlwang/Desktop/organoid_analysis/.pixi/envs/default/lib/python3.12/site-packages/tifffile/tifffile.py:9371: DeprecationWarning: Setting the shape on a NumPy array has been deprecated in NumPy 2.5.
  As an alternative, you can create a new view using np.reshape (with copy=False if needed).
    result.shape = keyframe.shaped

tests/microscopy_io/test_metadata_contract_regressions.py: 3 warnings
tests/quantification/test_cellular_measurements.py: 96 warnings
tests/segmentation/test_cellpose_inference.py: 2 warnings
tests/workflows/test_export_contract_regressions.py: 6 warnings
tests/workflows/test_multilevel_measurement_workflow.py: 48 warnings
tests/workflows/test_organoid_measurement_workflow.py: 20 warnings
  /Users/jlwang/Desktop/organoid_analysis/.pixi/envs/default/lib/python3.12/site-packages/tifffile/tifffile.py:9375: DeprecationWarning: Setting the shape on a NumPy array has been deprecated in NumPy 2.5.
  As an alternative, you can create a new view using np.reshape (with copy=False if needed).
    result.shape = keyframe.shape

tests/microscopy_io/test_voxel_spacing.py: 48 warnings
  /Users/jlwang/Desktop/organoid_analysis/.pixi/envs/default/lib/python3.12/site-packages/skimage/measure/_marching_cubes_lewiner.py:237: DeprecationWarning: Setting the shape on a NumPy array has been deprecated in NumPy 2.5.
  As an alternative, you can create a new view using np.reshape (with copy=False if needed).
    ar.shape = shape

tests/microscopy_io/test_voxel_spacing.py: 1 warning
tests/quantification/test_audit_contracts.py: 3 warnings
tests/quantification/test_cellular_measurements.py: 7 warnings
tests/quantification/test_geometry.py: 8 warnings
tests/quantification/test_mask_feature_semantics.py: 6 warnings
tests/quantification/test_mask_features.py: 14 warnings
tests/statistics/test_inference.py: 14 warnings
tests/visualization/test_viewer.py: 17 warnings
tests/web_interface/test_segmentation_workspace.py: 3 warnings
tests/workflows/test_mask_feature_bundle.py: 3 warnings
tests/workflows/test_multilevel_measurement_workflow.py: 104 warnings
tests/workflows/test_multilevel_numerical_regressions.py: 8 warnings
tests/workflows/test_organoid_measurement_workflow.py: 8 warnings
  /Users/jlwang/Desktop/organoid_analysis/.pixi/envs/default/lib/python3.12/site-packages/skimage/measure/_marching_cubes_lewiner.py:213: DeprecationWarning: Setting the shape on a NumPy array has been deprecated in NumPy 2.5.
  As an alternative, you can create a new view using np.reshape (with copy=False if needed).
    faces.shape = -1, 3

tests/segmentation/test_parameter_estimation.py::AnisotropyTests::test_anisotropy_unknown_when_no_metadata
  /Users/jlwang/Desktop/organoid_analysis/.pixi/envs/default/lib/python3.12/site-packages/tifffile/tifffile.py:1463: DeprecationWarning: <tifffile.TiffWriter.write> data with shape (4, 8, 8) and dtype 'uint16' are stored as RGB with separate component planes. Future versions will store such data as MINISBLACK in separate pages by default, unless the 'photometric' and 'planarconfig' parameters are specified.
    return tif.write(

tests/segmentation/test_watershed_instances.py: 2 warnings
tests/statistics/test_inference.py: 7 warnings
tests/workflows/test_organoid_measurement_workflow.py: 4 warnings
  /Users/jlwang/Desktop/organoid_analysis/.pixi/envs/default/lib/python3.12/site-packages/skimage/morphology/grayreconstruct.py:216: DeprecationWarning: Setting the shape on a NumPy array has been deprecated in NumPy 2.5.
  As an alternative, you can create a new view using np.reshape (with copy=False if needed).
    rec_img.shape = np.array(seed.shape) + (np.array(footprint.shape) - 1)

tests/statistics/test_inference.py: 13 warnings
  /Users/jlwang/Desktop/organoid_analysis/.pixi/envs/default/lib/python3.12/site-packages/statsmodels/regression/mixed_linear_model.py:2237: ConvergenceWarning: The MLE may be on the boundary of the parameter space.
    warnings.warn(msg, ConvergenceWarning)

tests/statistics/test_inference.py::test_real_effect_is_significant_and_null_feature_is_not
tests/statistics/test_inference.py::test_real_effect_is_significant_and_null_feature_is_not
tests/statistics/test_inference.py::test_bh_fdr_padj_never_below_raw_p
tests/statistics/test_inference.py::test_pairwise_output_is_self_describing_and_scale_correct
tests/statistics/test_inference.py::test_raw_scale_feature_reports_no_geometric_mean_ratio
tests/statistics/test_inference.py::test_condition_with_too_few_replicates_is_excluded
tests/statistics/test_inference.py::test_pipeline_writes_pairwise_contrasts_end_to_end
tests/statistics/test_inference.py::test_pipeline_writes_pairwise_contrasts_end_to_end
  /Users/jlwang/Desktop/organoid_analysis/.pixi/envs/default/lib/python3.12/site-packages/statsmodels/base/model.py:1912: FutureWarning: The behavior of wald_test will change after 0.14 to returning scalar test statistic values. To get the future behavior now, set scalar to True. To silence this message while retaining the legacy behavior, set scalar to False.
    warnings.warn(

tests/statistics/test_inference.py::test_real_effect_is_significant_and_null_feature_is_not
tests/statistics/test_inference.py::test_pairwise_output_is_self_describing_and_scale_correct
tests/statistics/test_inference.py::test_raw_scale_feature_reports_no_geometric_mean_ratio
tests/statistics/test_inference.py::test_condition_with_too_few_replicates_is_excluded
tests/statistics/test_inference.py::test_pipeline_writes_pairwise_contrasts_end_to_end
tests/statistics/test_inference.py::test_pipeline_writes_pairwise_contrasts_end_to_end
  /Users/jlwang/Desktop/organoid_analysis/.pixi/envs/default/lib/python3.12/site-packages/statsmodels/regression/mixed_linear_model.py:2261: ConvergenceWarning: The Hessian matrix at the estimated parameter values is not positive definite.
    warnings.warn(msg, ConvergenceWarning)

tests/statistics/test_inference.py::test_ols_fallback_uses_cluster_robust_t_reference
tests/statistics/test_inference.py::test_ols_fallback_uses_cluster_robust_t_reference
tests/statistics/test_inference.py::test_ols_fallback_on_degenerate_random_effect
tests/statistics/test_inference.py::test_ols_fallback_on_degenerate_random_effect
  /Users/jlwang/Desktop/organoid_analysis/.pixi/envs/default/lib/python3.12/site-packages/statsmodels/regression/mixed_linear_model.py:1556: RuntimeWarning: divide by zero encountered in log
    likeval -= (self.n_totobs - self.k_fe) * np.log(qf) / 2.

tests/statistics/test_inference.py::test_ols_fallback_uses_cluster_robust_t_reference
tests/statistics/test_inference.py::test_ols_fallback_uses_cluster_robust_t_reference
tests/statistics/test_inference.py::test_ols_fallback_on_degenerate_random_effect
tests/statistics/test_inference.py::test_ols_fallback_on_degenerate_random_effect
  /Users/jlwang/Desktop/organoid_analysis/.pixi/envs/default/lib/python3.12/site-packages/statsmodels/regression/mixed_linear_model.py:1796: RuntimeWarning: invalid value encountered in divide
    score_re += 0.5 * fac * rvavr[0:self.k_re2] / rvir

tests/statistics/test_inference.py::test_ols_fallback_uses_cluster_robust_t_reference
tests/statistics/test_inference.py::test_ols_fallback_on_degenerate_random_effect
  /Users/jlwang/Desktop/organoid_analysis/.pixi/envs/default/lib/python3.12/site-packages/numpy/linalg/_linalg.py:2349: RuntimeWarning: invalid value encountered in slogdet
    sign, logdet = _umath_linalg.slogdet(a, signature=signature)

tests/statistics/test_inference.py::test_ols_fallback_uses_cluster_robust_t_reference
tests/statistics/test_inference.py::test_ols_fallback_uses_cluster_robust_t_reference
tests/statistics/test_inference.py::test_ols_fallback_on_degenerate_random_effect
tests/statistics/test_inference.py::test_ols_fallback_on_degenerate_random_effect
  /Users/jlwang/Desktop/organoid_analysis/.pixi/envs/default/lib/python3.12/site-packages/statsmodels/base/model.py:607: ConvergenceWarning: Maximum Likelihood optimization failed to converge. Check mle_retvals
    warnings.warn("Maximum Likelihood optimization failed to "

tests/statistics/test_inference.py::test_ols_fallback_uses_cluster_robust_t_reference
tests/statistics/test_inference.py::test_ols_fallback_uses_cluster_robust_t_reference
tests/statistics/test_inference.py::test_ols_fallback_on_degenerate_random_effect
tests/statistics/test_inference.py::test_ols_fallback_on_degenerate_random_effect
  /Users/jlwang/Desktop/organoid_analysis/.pixi/envs/default/lib/python3.12/site-packages/statsmodels/regression/mixed_linear_model.py:2206: ConvergenceWarning: MixedLM optimization failed, trying a different optimizer may help.
    warnings.warn(msg, ConvergenceWarning)

tests/statistics/test_inference.py::test_ols_fallback_uses_cluster_robust_t_reference
tests/statistics/test_inference.py::test_ols_fallback_uses_cluster_robust_t_reference
tests/statistics/test_inference.py::test_ols_fallback_on_degenerate_random_effect
tests/statistics/test_inference.py::test_ols_fallback_on_degenerate_random_effect
  /Users/jlwang/Desktop/organoid_analysis/.pixi/envs/default/lib/python3.12/site-packages/statsmodels/regression/mixed_linear_model.py:2218: ConvergenceWarning: Gradient optimization failed, |grad| = nan
    warnings.warn(msg, ConvergenceWarning)

tests/statistics/test_inference.py::test_ols_fallback_uses_cluster_robust_t_reference
tests/statistics/test_inference.py::test_ols_fallback_uses_cluster_robust_t_reference
tests/statistics/test_inference.py::test_ols_fallback_on_degenerate_random_effect
tests/statistics/test_inference.py::test_ols_fallback_on_degenerate_random_effect
  /Users/jlwang/Desktop/organoid_analysis/.pixi/envs/default/lib/python3.12/site-packages/statsmodels/regression/mixed_linear_model.py:2005: RuntimeWarning: divide by zero encountered in divide
    hess_fe -= fac * xtvix / rvir

tests/statistics/test_inference.py::test_ols_fallback_uses_cluster_robust_t_reference
tests/statistics/test_inference.py::test_ols_fallback_uses_cluster_robust_t_reference
tests/statistics/test_inference.py::test_ols_fallback_on_degenerate_random_effect
tests/statistics/test_inference.py::test_ols_fallback_on_degenerate_random_effect
  /Users/jlwang/Desktop/organoid_analysis/.pixi/envs/default/lib/python3.12/site-packages/statsmodels/regression/mixed_linear_model.py:2006: RuntimeWarning: invalid value encountered in divide
    hess_re = hess_re - 0.5 * fac * (D/rvir - np.outer(B, B) / rvir**2)

tests/statistics/test_inference.py::test_ols_fallback_uses_cluster_robust_t_reference
tests/statistics/test_inference.py::test_ols_fallback_uses_cluster_robust_t_reference
tests/statistics/test_inference.py::test_ols_fallback_on_degenerate_random_effect
tests/statistics/test_inference.py::test_ols_fallback_on_degenerate_random_effect
  /Users/jlwang/Desktop/organoid_analysis/.pixi/envs/default/lib/python3.12/site-packages/statsmodels/regression/mixed_linear_model.py:2007: RuntimeWarning: invalid value encountered in divide
    hess_fere = -fac * hess_fere / rvir

tests/statistics/test_inference.py::test_pipeline_writes_pairwise_contrasts_end_to_end
tests/statistics/test_inference.py::test_pipeline_writes_pairwise_contrasts_end_to_end
  /Users/jlwang/Desktop/organoid_analysis/.pixi/envs/default/lib/python3.12/site-packages/statsmodels/base/model.py:1894: ValueWarning: covariance of constraints does not have full rank. The number of constraints is 1, but rank is 0
    warnings.warn('covariance of constraints does not have full '

tests/statistics/test_statistical_contract_regressions.py::test_small_group_comparison_and_empty_cluster_abstain
  /Users/jlwang/Desktop/organoid_analysis/.pixi/envs/default/lib/python3.12/site-packages/scipy/stats/_morestats.py:3326: RuntimeWarning: invalid value encountered in divide
    W = numer / denom

tests/visualization/test_surface_coordinates.py::test_surface_preserves_asymmetric_zyx_locations_and_sparse_label[None]
tests/visualization/test_surface_coordinates.py::test_surface_preserves_asymmetric_zyx_locations_and_sparse_label[None]
tests/visualization/test_surface_coordinates.py::test_surface_preserves_asymmetric_zyx_locations_and_sparse_label[513]
tests/visualization/test_surface_coordinates.py::test_surface_preserves_asymmetric_zyx_locations_and_sparse_label[513]
tests/visualization/test_surface_coordinates.py::test_surface_preserves_asymmetric_zyx_locations_and_sparse_label[513]
tests/visualization/test_surface_coordinates.py::test_surface_preserves_asymmetric_zyx_locations_and_sparse_label[513]
tests/visualization/test_surface_coordinates.py::test_surface_preserves_asymmetric_zyx_locations_and_sparse_label[513]
tests/visualization/test_surface_coordinates.py::test_surface_preserves_asymmetric_zyx_locations_and_sparse_label[513]
  /Users/jlwang/Desktop/organoid_analysis/.pixi/envs/default/lib/python3.12/site-packages/vtkmodules/util/numpy_support.py:244: DeprecationWarning: Setting the shape on a NumPy array has been deprecated in NumPy 2.5.
  As an alternative, you can create a new view using np.reshape (with copy=False if needed).
    result.shape = shape

-- Docs: https://docs.pytest.org/en/stable/how-to/capture-warnings.html
========= 336 passed, 8 skipped, 8 deselected, 898 warnings in 28.96s ==========

✨ Pixi task (check): python scripts/validate_notebooks.py
No notebooks found; notebook validation not applicable.

✨ Pixi task (typecheck): mypy src/organoid_analysis
src/organoid_analysis/config.py:8: error: Library stubs not installed for "yaml"  [import-untyped]
src/organoid_analysis/config.py:84: error: Function is missing a type annotation  [no-untyped-def]
src/organoid_analysis/validation/segmentation_metrics.py:5: error: Library stubs not installed for "pandas"  [import-untyped]
src/organoid_analysis/validation/segmentation_metrics.py:6: error: Library stubs not installed for "scipy.optimize"  [import-untyped]
src/organoid_analysis/statistics/inference.py:21: error: Library stubs not installed for "pandas"  [import-untyped]
src/organoid_analysis/statistics/inference.py:21: note: Hint: "python3 -m pip install pandas-stubs"
src/organoid_analysis/statistics/inference.py:22: error: Library stubs not installed for "scipy.stats"  [import-untyped]
src/organoid_analysis/statistics/inference.py:22: note: Hint: "python3 -m pip install scipy-stubs"
src/organoid_analysis/statistics/inference.py:22: note: (or run "mypy --install-types" to install all missing stub packages)
src/organoid_analysis/statistics/inference.py:22: error: Library stubs not installed for "scipy"  [import-untyped]
src/organoid_analysis/statistics/inference.py:23: error: Skipping analyzing "statsmodels.formula.api": module is installed, but missing library stubs or py.typed marker  [import-untyped]
src/organoid_analysis/statistics/inference.py:23: note: See https://mypy.readthedocs.io/en/stable/running_mypy.html#missing-imports
src/organoid_analysis/statistics/inference.py:23: error: Skipping analyzing "statsmodels.formula": module is installed, but missing library stubs or py.typed marker  [import-untyped]
src/organoid_analysis/statistics/inference.py:23: error: Skipping analyzing "statsmodels": module is installed, but missing library stubs or py.typed marker  [import-untyped]
src/organoid_analysis/statistics/inference.py:24: error: Skipping analyzing "statsmodels.stats.multitest": module is installed, but missing library stubs or py.typed marker  [import-untyped]
src/organoid_analysis/statistics/inference.py:40: error: Function is missing a return type annotation  [no-untyped-def]
src/organoid_analysis/statistics/inference.py:75: error: Function is missing a type annotation for one or more parameters  [no-untyped-def]
src/organoid_analysis/quantification/multilevel_relationships/topology.py:5: error: Library stubs not installed for "pandas"  [import-untyped]
src/organoid_analysis/quantification/multilevel_relationships/spatial.py:5: error: Library stubs not installed for "pandas"  [import-untyped]
src/organoid_analysis/quantification/multilevel_relationships/spatial.py:6: error: Library stubs not installed for "scipy"  [import-untyped]
src/organoid_analysis/quantification/multilevel_relationships/spatial.py:47: error: Value of type "ndarray[tuple[Any, ...], dtype[Any]] | None" is not indexable  [index]
src/organoid_analysis/quantification/multilevel_relationships/qc.py:5: error: Library stubs not installed for "pandas"  [import-untyped]
src/organoid_analysis/quantification/multilevel_relationships/hierarchy.py:5: error: Library stubs not installed for "pandas"  [import-untyped]
src/organoid_analysis/phenotyping/viability.py:5: error: Library stubs not installed for "pandas"  [import-untyped]
src/organoid_analysis/phenotyping/viability.py:5: note: Hint: "python3 -m pip install pandas-stubs"
src/organoid_analysis/phenotyping/viability.py:5: note: (or run "mypy --install-types" to install all missing stub packages)
src/organoid_analysis/phenotyping/viability.py:5: note: See https://mypy.readthedocs.io/en/stable/running_mypy.html#missing-imports
src/organoid_analysis/statistics/aggregation.py:5: error: Library stubs not installed for "pandas"  [import-untyped]
src/organoid_analysis/statistics/aggregation.py:22: error: Incompatible types in assignment (expression has type "float", target has type "int")  [assignment]
src/organoid_analysis/statistics/aggregation.py:23: error: Incompatible types in assignment (expression has type "float", target has type "int")  [assignment]
src/organoid_analysis/statistics/aggregation.py:26: error: Incompatible types in assignment (expression has type "float", target has type "int")  [assignment]
src/organoid_analysis/statistics/exploration.py:20: error: Library stubs not installed for "pandas"  [import-untyped]
src/organoid_analysis/statistics/exploration.py:21: error: Library stubs not installed for "scipy"  [import-untyped]
src/organoid_analysis/statistics/exploration.py:54: error: Returning Any from function declared to return "str | None"  [no-any-return]
src/organoid_analysis/statistics/exploration.py:363: error: Function is missing a return type annotation  [no-untyped-def]
src/organoid_analysis/statistics/exploration.py:379: error: Skipping analyzing "sklearn.ensemble": module is installed, but missing library stubs or py.typed marker  [import-untyped]
src/organoid_analysis/statistics/exploration.py:380: error: Skipping analyzing "sklearn.impute": module is installed, but missing library stubs or py.typed marker  [import-untyped]
src/organoid_analysis/statistics/exploration.py:381: error: Skipping analyzing "sklearn.linear_model": module is installed, but missing library stubs or py.typed marker  [import-untyped]
src/organoid_analysis/statistics/exploration.py:382: error: Skipping analyzing "sklearn.metrics": module is installed, but missing library stubs or py.typed marker  [import-untyped]
src/organoid_analysis/statistics/exploration.py:383: error: Skipping analyzing "sklearn.model_selection": module is installed, but missing library stubs or py.typed marker  [import-untyped]
src/organoid_analysis/statistics/exploration.py:384: error: Skipping analyzing "sklearn.pipeline": module is installed, but missing library stubs or py.typed marker  [import-untyped]
src/organoid_analysis/statistics/exploration.py:385: error: Skipping analyzing "sklearn.preprocessing": module is installed, but missing library stubs or py.typed marker  [import-untyped]
src/organoid_analysis/statistics/exploration.py:540: error: Skipping analyzing "sklearn.cluster": module is installed, but missing library stubs or py.typed marker  [import-untyped]
src/organoid_analysis/statistics/exploration.py:600: error: Function is missing a type annotation  [no-untyped-def]
src/organoid_analysis/segmentation/watershed_instances.py:7: error: Library stubs not installed for "scipy"  [import-untyped]
src/organoid_analysis/segmentation/watershed_instances.py:47: error: Returning Any from function declared to return "ndarray[tuple[Any, ...], dtype[Any]]"  [no-any-return]
src/organoid_analysis/segmentation/watershed_instances.py:74: error: Returning Any from function declared to return "ndarray[tuple[Any, ...], dtype[Any]]"  [no-any-return]
src/organoid_analysis/segmentation/watershed_instances.py:106: error: Returning Any from function declared to return "ndarray[tuple[Any, ...], dtype[Any]]"  [no-any-return]
src/organoid_analysis/segmentation/watershed_instances.py:120: error: Incompatible types in assignment (expression has type "ndarray[Any, Any]", variable has type "tuple[Any, ...]")  [assignment]
src/organoid_analysis/segmentation/watershed_instances.py:121: error: "tuple[Any, ...]" has no attribute "shape"  [attr-defined]
src/organoid_analysis/segmentation/watershed_instances.py:121: error: Unsupported operand types for <= ("tuple[Any, ...]" and "int")  [operator]
src/organoid_analysis/result_export/report.py:12: error: Library stubs not installed for "pandas"  [import-untyped]
src/organoid_analysis/result_export/report.py:16: error: Skipping analyzing "mpl_toolkits.mplot3d.art3d": module is installed, but missing library stubs or py.typed marker  [import-untyped]
src/organoid_analysis/result_export/report.py:17: error: Library stubs not installed for "scipy"  [import-untyped]
src/organoid_analysis/result_export/report.py:17: note: Hint: "python3 -m pip install scipy-stubs"
src/organoid_analysis/result_export/report.py:31: error: Function is missing a type annotation for one or more parameters  [no-untyped-def]
src/organoid_analysis/result_export/report.py:37: error: Function is missing a type annotation for one or more parameters  [no-untyped-def]
src/organoid_analysis/result_export/report.py:43: error: Returning Any from function declared to return "ndarray[tuple[Any, ...], dtype[Any]]"  [no-any-return]
src/organoid_analysis/result_export/report.py:46: error: Function is missing a type annotation  [no-untyped-def]
src/organoid_analysis/result_export/report.py:52: error: Function is missing a type annotation for one or more parameters  [no-untyped-def]
src/organoid_analysis/result_export/report.py:71: error: Argument "extent" to "imshow" of "Axes" has incompatible type "list[Any]"; expected "tuple[float, float, float, float] | None"  [arg-type]
src/organoid_analysis/result_export/report.py:74: error: Argument "extent" to "imshow" of "Axes" has incompatible type "list[Any]"; expected "tuple[float, float, float, float] | None"  [arg-type]
src/organoid_analysis/result_export/report.py:85: error: Incompatible types in assignment (expression has type "Generator[tuple[int, Any], None, None]", variable has type "enumerate[Any]")  [assignment]
src/organoid_analysis/result_export/report.py:107: error: Argument "extent" to "imshow" of "Axes" has incompatible type "list[Any]"; expected "tuple[float, float, float, float] | None"  [arg-type]
src/organoid_analysis/result_export/report.py:128: error: Function is missing a type annotation  [no-untyped-def]
src/organoid_analysis/result_export/report.py:138: error: Function is missing a type annotation for one or more parameters  [no-untyped-def]
src/organoid_analysis/result_export/report.py:185: error: Function is missing a type annotation for one or more parameters  [no-untyped-def]
src/organoid_analysis/web_interface/analysis_ui.py:11: error: Library stubs not installed for "pandas"  [import-untyped]
src/organoid_analysis/web_interface/analysis_ui.py:12: error: Library stubs not installed for "seaborn"  [import-untyped]
src/organoid_analysis/web_interface/analysis_ui.py:12: note: Hint: "python3 -m pip install types-seaborn"
src/organoid_analysis/web_interface/analysis_ui.py:57: error: Function is missing a type annotation for one or more parameters  [no-untyped-def]
src/organoid_analysis/microscopy_io/metadata.py:318: error: Incompatible return value type (got "dict[str, int | None]", expected "dict[str, int]")  [return-value]
src/organoid_analysis/segmentation/parameter_estimation.py:72: error: Item "TiffFrame" of "TiffPage | TiffFrame | None" has no attribute "tags"  [union-attr]
src/organoid_analysis/segmentation/parameter_estimation.py:72: error: Item "None" of "TiffPage | TiffFrame | None" has no attribute "tags"  [union-attr]
src/organoid_analysis/segmentation/parameter_estimation.py:84: error: Library stubs not installed for "scipy"  [import-untyped]
src/organoid_analysis/segmentation/parameter_estimation.py:100: error: Function is missing a type annotation for one or more parameters  [no-untyped-def]
src/organoid_analysis/segmentation/parameter_estimation.py:115: error: Skipping analyzing "cellpose": module is installed, but missing library stubs or py.typed marker  [import-untyped]
src/organoid_analysis/segmentation/parameter_estimation.py:167: error: Function is missing a return type annotation  [no-untyped-def]
src/organoid_analysis/segmentation/parameter_estimation.py:167: error: Function is missing a type annotation for one or more parameters  [no-untyped-def]
src/organoid_analysis/microscopy_io/zstack_reader.py:80: error: Item "TiffFrame" of "TiffPage | TiffFrame" has no attribute "tags"  [union-attr]
src/organoid_analysis/microscopy_io/tiff_contract.py:36: error: Library stubs not installed for "pandas"  [import-untyped]
src/organoid_analysis/microscopy_io/tiff_contract.py:36: note: Hint: "python3 -m pip install pandas-stubs"
src/organoid_analysis/microscopy_io/tiff_contract.py:36: note: (or run "mypy --install-types" to install all missing stub packages)
src/organoid_analysis/microscopy_io/tiff_contract.py:36: note: See https://mypy.readthedocs.io/en/stable/running_mypy.html#missing-imports
src/organoid_analysis/microscopy_io/tiff_contract.py:163: error: Argument 1 to "float" has incompatible type "str | None"; expected "str | Buffer | SupportsFloat | SupportsIndex"  [arg-type]
src/organoid_analysis/microscopy_io/tiff_contract.py:210: error: Need type annotation for "channel_sources" (hint: "channel_sources: dict[<type>, <type>] = ...")  [var-annotated]
src/organoid_analysis/microscopy_io/tiff_contract.py:246: error: Argument 6 to "Sample" has incompatible type "tuple[float | Any, ...]"; expected "tuple[float, float, float]"  [arg-type]
src/organoid_analysis/microscopy_io/tiff_contract.py:272: error: Returning Any from function declared to return "ndarray[tuple[Any, ...], dtype[Any]] | None"  [no-any-return]
src/organoid_analysis/visualization/capabilities.py:29: error: "vtkSmartVolumeMapper" has no attribute "GetGPUProjectionType"  [attr-defined]
src/organoid_analysis/result_export/measurement_tables.py:8: error: Library stubs not installed for "pandas"  [import-untyped]
src/organoid_analysis/result_export/measurement_tables.py:11: error: Function is missing a type annotation  [no-untyped-def]
src/organoid_analysis/quantification/features.py:7: error: Library stubs not installed for "scipy"  [import-untyped]
src/organoid_analysis/quantification/features.py:7: note: Hint: "python3 -m pip install scipy-stubs"
src/organoid_analysis/quantification/features.py:7: note: (or run "mypy --install-types" to install all missing stub packages)
src/organoid_analysis/quantification/features.py:7: note: See https://mypy.readthedocs.io/en/stable/running_mypy.html#missing-imports
src/organoid_analysis/visualization/surface_rendering.py:125: error: Argument "window_size" to "Plotter" has incompatible type "tuple[int, int]"; expected "list[int] | None"  [arg-type]
src/organoid_analysis/visualization/surface_rendering.py:143: error: Missing positional argument "self" in call to "__call__" of "_Wrapped"  [call-arg]
src/organoid_analysis/visualization/surface_rendering.py:145: error: Incompatible return value type (got "pyvista_ndarray | None", expected "ndarray[tuple[Any, ...], dtype[Any]]")  [return-value]
src/organoid_analysis/visualization/volume_viewer/viewer_payload.py:301: error: Incompatible types in assignment (expression has type "None", variable has type "ndarray[tuple[Any, ...], dtype[Any]]")  [assignment]
src/organoid_analysis/visualization/volume_viewer/viewer_payload.py:308: error: Incompatible types in assignment (expression has type "dict[Any, Any] | None", variable has type "ndarray[tuple[Any, ...], dtype[Any]]")  [assignment]
src/organoid_analysis/visualization/volume_viewer/viewer_payload.py:319: error: Argument "mask" to "ViewerSpec" has incompatible type "ndarray[tuple[Any, ...], dtype[Any]]"; expected "dict[Any, Any] | None"  [arg-type]
src/organoid_analysis/visualization/volume_viewer/viewer_payload.py:400: error: Library stubs not installed for "scipy"  [import-untyped]
src/organoid_analysis/segmentation/cellpose_inference.py:178: error: Function is missing a return type annotation  [no-untyped-def]
src/organoid_analysis/segmentation/cellpose_inference.py:180: error: Skipping analyzing "cellpose": module is installed, but missing library stubs or py.typed marker  [import-untyped]
src/organoid_analysis/segmentation/cellpose_inference.py:196: error: Function is missing a type annotation for one or more parameters  [no-untyped-def]
src/organoid_analysis/segmentation/cellpose_inference.py:244: error: Library stubs not installed for "scipy"  [import-untyped]
src/organoid_analysis/segmentation/cellpose_inference.py:391: error: Function is missing a type annotation  [no-untyped-def]
src/organoid_analysis/workflows/organoid_measurement_workflow.py:13: error: Library stubs not installed for "pandas"  [import-untyped]
src/organoid_analysis/workflows/organoid_measurement_workflow.py:14: error: Library stubs not installed for "yaml"  [import-untyped]
src/organoid_analysis/workflows/organoid_measurement_workflow.py:14: note: Hint: "python3 -m pip install types-PyYAML"
src/organoid_analysis/workflows/organoid_measurement_workflow.py:72: error: Function is missing a type annotation for one or more parameters  [no-untyped-def]
src/organoid_analysis/workflows/organoid_measurement_workflow.py:133: error: Need type annotation for "provenance"  [var-annotated]
src/organoid_analysis/workflows/organoid_measurement_workflow.py:142: error: Item "dict[str, str]" of "list[Any] | dict[str, str] | dict[Any, Any] | str | None" has no attribute "append"  [union-attr]
src/organoid_analysis/workflows/organoid_measurement_workflow.py:142: error: Item "dict[Any, Any]" of "list[Any] | dict[str, str] | dict[Any, Any] | str | None" has no attribute "append"  [union-attr]
src/organoid_analysis/workflows/organoid_measurement_workflow.py:142: error: Item "str" of "list[Any] | dict[str, str] | dict[Any, Any] | str | None" has no attribute "append"  [union-attr]
src/organoid_analysis/workflows/organoid_measurement_workflow.py:142: error: Item "None" of "list[Any] | dict[str, str] | dict[Any, Any] | str | None" has no attribute "append"  [union-attr]
src/organoid_analysis/workflows/organoid_measurement_workflow.py:143: error: Need type annotation for "rows" (hint: "rows: list[<type>] = ...")  [var-annotated]
src/organoid_analysis/workflows/organoid_measurement_workflow.py:144: error: Need type annotation for "validation_matches" (hint: "validation_matches: list[<type>] = ...")  [var-annotated]
src/organoid_analysis/workflows/organoid_measurement_workflow.py:169: error: Unsupported target for indexed assignment ("list[Any] | dict[str, str] | dict[Any, Any] | str | None")  [index]
src/organoid_analysis/workflows/organoid_measurement_workflow.py:169: error: Incompatible types in assignment (expression has type "dict[Any, Any]", target has type "str")  [assignment]
src/organoid_analysis/workflows/organoid_measurement_workflow.py:203: error: Need type annotation for "stats_omnibus" (hint: "stats_omnibus: dict[<type>, <type>] = ...")  [var-annotated]
src/organoid_analysis/workflows/organoid_measurement_workflow.py:215: error: No overload variant of "update" of "MutableMapping" matches argument types "str", "list[dict[str, Any]]", "str", "float", "int", "int", "int", "int", "int"  [call-overload]
src/organoid_analysis/workflows/organoid_measurement_workflow.py:215: note: Possible overload variants:
src/organoid_analysis/workflows/organoid_measurement_workflow.py:215: note:     def update(self, SupportsKeysAndGetItem[str, list[Any] | dict[str, str] | dict[Any, Any] | str | None], /) -> None
src/organoid_analysis/workflows/organoid_measurement_workflow.py:215: note:     def update(self, SupportsKeysAndGetItem[str, list[Any] | dict[str, str] | dict[Any, Any] | str | None], /, **kwargs: list[Any] | dict[str, str] | dict[Any, Any] | str | None) -> None
src/organoid_analysis/workflows/organoid_measurement_workflow.py:215: note:     def update(self, Iterable[tuple[str, list[Any] | dict[str, str] | dict[Any, Any] | str | None]], /) -> None
src/organoid_analysis/workflows/organoid_measurement_workflow.py:215: note:     def update(self, Iterable[tuple[str, list[Any] | dict[str, str] | dict[Any, Any] | str | None]], /, **kwargs: list[Any] | dict[str, str] | dict[Any, Any] | str | None) -> None
src/organoid_analysis/workflows/organoid_measurement_workflow.py:215: note:     def update(self, **kwargs: list[Any] | dict[str, str] | dict[Any, Any] | str | None) -> None
src/organoid_analysis/quantification/mask_features.py:35: error: Library stubs not installed for "pandas"  [import-untyped]
src/organoid_analysis/quantification/mask_features.py:35: note: Hint: "python3 -m pip install pandas-stubs"
src/organoid_analysis/quantification/mask_features.py:35: note: (or run "mypy --install-types" to install all missing stub packages)
src/organoid_analysis/quantification/mask_features.py:35: note: See https://mypy.readthedocs.io/en/stable/running_mypy.html#missing-imports
src/organoid_analysis/quantification/mask_features.py:112: error: Library stubs not installed for "scipy"  [import-untyped]
src/organoid_analysis/quantification/mask_features.py:112: note: Hint: "python3 -m pip install scipy-stubs"
src/organoid_analysis/quantification/cellular_measurements.py:8: error: Library stubs not installed for "pandas"  [import-untyped]
src/organoid_analysis/quantification/cellular_measurements.py:8: note: Hint: "python3 -m pip install pandas-stubs"
src/organoid_analysis/quantification/cellular_measurements.py:9: error: Library stubs not installed for "scipy"  [import-untyped]
src/organoid_analysis/quantification/cellular_measurements.py:10: error: Library stubs not installed for "scipy.sparse"  [import-untyped]
src/organoid_analysis/quantification/cellular_measurements.py:11: error: Library stubs not installed for "scipy.sparse.csgraph"  [import-untyped]
src/organoid_analysis/quantification/cellular_measurements.py:11: note: Hint: "python3 -m pip install scipy-stubs"
src/organoid_analysis/quantification/cellular_measurements.py:11: note: (or run "mypy --install-types" to install all missing stub packages)
src/organoid_analysis/quantification/cellular_measurements.py:11: note: See https://mypy.readthedocs.io/en/stable/running_mypy.html#missing-imports
src/organoid_analysis/quantification/cellular_measurements.py:12: error: Library stubs not installed for "scipy.spatial"  [import-untyped]
src/organoid_analysis/quantification/multilevel_relationships/morphology.py:5: error: Library stubs not installed for "pandas"  [import-untyped]
src/organoid_analysis/quantification/multilevel_relationships/morphology.py:6: error: Library stubs not installed for "scipy"  [import-untyped]
src/organoid_analysis/visualization/volume_viewer/__init__.py:50: error: Function is missing a return type annotation  [no-untyped-def]
src/organoid_analysis/visualization/volume_viewer/__init__.py:50: error: Function is missing a type annotation for one or more parameters  [no-untyped-def]
src/organoid_analysis/visualization/volume_viewer/__init__.py:99: error: Argument "render_mode" to "build_viewer_payload" has incompatible type "str"; expected "Literal['volume', 'mip', 'surface']"  [arg-type]
src/organoid_analysis/workflows/demo_workflow.py:8: error: Library stubs not installed for "pandas"  [import-untyped]
src/organoid_analysis/workflows/demo_workflow.py:10: error: Library stubs not installed for "yaml"  [import-untyped]
src/organoid_analysis/workflows/demo_workflow.py:11: error: Library stubs not installed for "scipy"  [import-untyped]
src/organoid_analysis/result_export/mask_feature_bundle.py:12: error: Library stubs not installed for "pandas"  [import-untyped]
src/organoid_analysis/workflows/multilevel_measurement_workflow.py:8: error: Library stubs not installed for "pandas"  [import-untyped]
src/organoid_analysis/web_interface/demo_app.py:20: error: Function is missing a type annotation for one or more parameters  [no-untyped-def]
src/organoid_analysis/web_interface/demo_app.py:35: error: Returning Any from function declared to return "ndarray[tuple[Any, ...], dtype[Any]]"  [no-any-return]
src/organoid_analysis/web_interface/segmentation_workspace.py:83: error: Function is missing a return type annotation  [no-untyped-def]
src/organoid_analysis/web_interface/segmentation_workspace.py:195: error: Library stubs not installed for "scipy"  [import-untyped]
src/organoid_analysis/web_interface/multilevel_results.py:9: error: Library stubs not installed for "pandas"  [import-untyped]
src/organoid_analysis/web_interface/multilevel_results.py:179: error: Incompatible return value type (got "tuple[dict[str, ndarray[tuple[Any, ...], dtype[Any]]], tuple[float, ...]]", expected "tuple[dict[str, ndarray[tuple[Any, ...], dtype[Any]]], tuple[float, float, float]] | None")  [return-value]
src/organoid_analysis/command_line/organoid_commands.py:13: error: Function is missing a type annotation for one or more parameters  [no-untyped-def]
src/organoid_analysis/command_line/organoid_commands.py:82: error: Function is missing a type annotation for one or more parameters  [no-untyped-def]
src/organoid_analysis/command_line/organoid_commands.py:159: error: Function is missing a type annotation for one or more parameters  [no-untyped-def]
src/organoid_analysis/web_interface/organoid_workspace.py:112: error: Argument 1 to "render_preview_tab" has incompatible type "SegmentationConfig | None"; expected "SegmentationConfig"  [arg-type]
src/organoid_analysis/web_interface/organoid_workspace.py:118: error: Argument 1 to "render_results_tab" has incompatible type "SegmentationConfig | None"; expected "SegmentationConfig"  [arg-type]
Found 134 errors in 36 files (checked 58 source files)
