✨ Pixi task (lint): ruff check src tests scripts
All checks passed!

✨ Pixi task (test): python -m pytest -v
============================= test session starts ==============================
platform darwin -- Python 3.12.14, pytest-9.1.1, pluggy-1.6.0
rootdir: /Users/jlwang/Desktop/organoid_analysis
configfile: pyproject.toml
testpaths: tests
plugins: cov-7.1.0, anyio-4.14.2
collected 503 items / 8 deselected / 495 selected

tests/microscopy_io/test_io.py ..................                        [  3%]
tests/microscopy_io/test_metadata_contract_regressions.py .............. [  6%]
........................                                                 [ 11%]
tests/microscopy_io/test_resampling.py .............                     [ 13%]
tests/microscopy_io/test_voxel_spacing.py ...............                [ 16%]
tests/phenotyping/test_viability_summary.py ........                     [ 18%]
tests/quantification/test_audit_contracts.py ............                [ 21%]
tests/quantification/test_cellular_measurements.py ..............        [ 23%]
tests/quantification/test_geometry.py ........                           [ 25%]
tests/quantification/test_labels.py ...                                  [ 26%]
tests/quantification/test_marker_measurements.py ....                    [ 26%]
tests/quantification/test_mask_feature_semantics.py .......              [ 28%]
tests/quantification/test_mask_features.py ................              [ 31%]
tests/quantification/test_measurement_policy.py .............            [ 34%]
tests/quantification/test_surface_qualified_domain.py ..............     [ 36%]
tests/segmentation/test_cellpose_inference.py .............              [ 39%]
tests/segmentation/test_inference_contract_regressions.py .............. [ 42%]
.                                                                        [ 42%]
tests/segmentation/test_parameter_estimation.py .........                [ 44%]
tests/segmentation/test_watershed_instances.py ..........                [ 46%]
tests/statistics/test_exploration.py ..................                  [ 50%]
tests/statistics/test_inference.py ...........                           [ 52%]
tests/statistics/test_statistical_contract_regressions.py ...........    [ 54%]
tests/test_scientific_validation_gate.py .F....F..                       [ 56%]
tests/test_typecheck_ratchet.py .........                                [ 58%]
tests/test_validate_notebooks_script.py .                                [ 58%]
tests/validation/test_evidence_integrity.py FF.......................... [ 64%]
....F.....F...                                                           [ 66%]
tests/validation/test_evidence_json_strict.py .......................... [ 72%]
..............................                                           [ 78%]
tests/visualization/test_3d_preview.py .......................           [ 82%]
tests/visualization/test_layout_render.py sssss                          [ 83%]
tests/visualization/test_render_smoke.py sss                             [ 84%]
tests/visualization/test_surface_coordinates.py ..                       [ 84%]
tests/visualization/test_viewer.py ............................          [ 90%]
tests/web_interface/test_multilevel_results_ui.py .                      [ 90%]
tests/web_interface/test_segmentation_workspace.py ..........            [ 92%]
tests/workflows/test_export_contract_regressions.py .....                [ 93%]
tests/workflows/test_mask_feature_bundle.py ....                         [ 94%]
tests/workflows/test_multilevel_measurement_workflow.py ...............  [ 97%]
tests/workflows/test_multilevel_numerical_regressions.py ....            [ 98%]
tests/workflows/test_organoid_measurement_workflow.py ......             [ 99%]
tests/workflows/test_surface_metadata_exports.py ..                      [100%]

=================================== FAILURES ===================================
_______ test_current_analytical_evidence_is_accepted_and_backs_the_items _______

    def test_current_analytical_evidence_is_accepted_and_backs_the_items():
        gate = _load_gate()
        items = gate.evaluate()
        for item_id in ("SG-1", "SG-2"):
            item = _item(items, item_id)
            # A rejected record would mean the evidence-critical inputs changed
            # without repeating the V&V (pixi run validation-record).
>           assert not item.basis.startswith("EVIDENCE REJECTED"), item.basis
E           AssertionError: EVIDENCE REJECTED (12 problems): dependency scope: src/organoid_analysis/quantification/surface_crofton.py changed after the validation run (SHA-256 mismatch); dependency scope: src/organoid_analysis/quantification/features.py changed after the validation run (SHA-256 mismatch); dependency scope: src/organoid_analysis/quantification/mask_features.py changed after the validation run (SHA-256 mismatch); dependency scope: src/organoid_analysis/quantification/cellular_measurements.py changed after the validation run (SHA-256 mismatch); ... 8 more. Repeat the analytical V&V (pixi run validation-record).
E           assert not True
E            +  where True = <built-in method startswith of str object at 0x1448310c0>('EVIDENCE REJECTED')
E            +    where <built-in method startswith of str object at 0x1448310c0> = 'EVIDENCE REJECTED (12 problems): dependency scope: src/organoid_analysis/quantification/surface_crofton.py changed af...anged after the validation run (SHA-256 mismatch); ... 8 more. Repeat the analytical V&V (pixi run validation-record).'.startswith
E            +      where 'EVIDENCE REJECTED (12 problems): dependency scope: src/organoid_analysis/quantification/surface_crofton.py changed af...anged after the validation run (SHA-256 mismatch); ... 8 more. Repeat the analytical V&V (pixi run validation-record).' = GateItem(item_id='SG-1', requirement='Analytical surface area', criterion='every analytical case |error| < 5%', status...face-crofton-v3/surface_vv_dev_summary.md', 'docs/evidence/2026-09-11-measurement-vv/SURFACE_VV_PLAN.md'), record=None).basis

tests/test_scientific_validation_gate.py:48: AssertionError
_______ test_pass_borrowing_a_record_that_does_not_report_it_is_rejected _______

evidence_copy = (PosixPath('/private/var/folders/rf/k7y9n9_54m58m7j9z1n3rnc00000gn/T/pytest-of-jlwang/pytest-6/test_pass_borrowing_a_record_t0'), 'docs/evidence/2026-09-12-surface-crofton-v3/evidence_manifest.json')
monkeypatch = <_pytest.monkeypatch.MonkeyPatch object at 0x36721b9e0>

    def test_pass_borrowing_a_record_that_does_not_report_it_is_rejected(evidence_copy, monkeypatch):
        root, relpath = evidence_copy
        manifest = load_manifest(root / relpath)
        manifest["record_class"] = "canonical"
        (root / relpath).write_text(dumps_strict(seal(manifest)), encoding="utf-8")
        gate = _load_gate()
        borrowed = gate.GateItem("SG-3", "claim", "criterion", "PASS", "see record", (relpath,), relpath)
        monkeypatch.setattr(gate, "STATIC_ITEMS", [borrowed])
>       with pytest.raises(ValueError, match="PASS is not what its validation record reports"):
             ^^^^^^^^^^^^^^^^^^^^^^^^^^^^^^^^^^^^^^^^^^^^^^^^^^^^^^^^^^^^^^^^^^^^^^^^^^^^^^^^^
E       AssertionError: Regex pattern did not match.
E         Expected regex: 'PASS is not what its validation record reports'
E         Actual message: "SG-3: PASS rejected; its validation record does not verify: ('dependency scope: src/organoid_analysis/quantification/surface_crofton.py changed after the validation run (SHA-256 mismatch)', 'dependency scope: src/organoid_analysis/quantification/features.py changed after the validation run (SHA-256 mismatch)', 'dependency scope: src/organoid_analysis/quantification/mask_features.py changed after the validation run (SHA-256 mismatch)', 'dependency scope: src/organoid_analysis/quantification/cellular_measurements.py changed after the validation run (SHA-256 mismatch)', 'dependency scope: src/organoid_analysis/quantification/multilevel_relationships/morphology.py changed after the validation run (SHA-256 mismatch)', 'vv_implementation: src/organoid_analysis/validation/analytical_geometry_evidence.py changed after the validation run (SHA-256 mismatch)', 'estimator: the production estimator identity differs from the one evaluated', 'runtime: imported module /Users/jlwang/Desktop/organoid_analysis/src/organoid_analysis/quantification/surface_crofton.py is not the recorded src/organoid_analysis/quantification/surface_crofton.py', 'runtime: imported module /Users/jlwang/Desktop/organoid_analysis/src/organoid_analysis/quantification/features.py is not the recorded src/organoid_analysis/quantification/features.py', 'runtime: imported module /Users/jlwang/Desktop/organoid_analysis/src/organoid_analysis/quantification/mask_features.py is not the recorded src/organoid_analysis/quantification/mask_features.py', 'runtime: imported module /Users/jlwang/Desktop/organoid_analysis/src/organoid_analysis/quantification/cellular_measurements.py is not the recorded src/organoid_analysis/quantification/cellular_measurements.py', 'runtime: imported module /Users/jlwang/Desktop/organoid_analysis/src/organoid_analysis/quantification/multilevel_relationships/morphology.py is not the recorded src/organoid_analysis/quantification/multilevel_relationships/morphology.py')"

tests/test_scientific_validation_gate.py:93: AssertionError
__________________ test_untouched_copy_of_the_record_verifies __________________

evidence_copy = (PosixPath('/private/var/folders/rf/k7y9n9_54m58m7j9z1n3rnc00000gn/T/pytest-of-jlwang/pytest-6/test_untouched_copy_of_the_rec0'), 'docs/evidence/2026-09-12-surface-crofton-v3/evidence_manifest.json')

    def test_untouched_copy_of_the_record_verifies(evidence_copy):
        root, relpath = evidence_copy
>       assert problems(root, relpath) == ()
E       AssertionError: assert ('dependency ...smatch)', ...) == ()
E         
E         Left contains 12 more items, first extra item: 'dependency scope: src/organoid_analysis/quantification/surface_crofton.py changed after the validation run (SHA-256 mismatch)'
E         Use -v to get more diff

tests/validation/test_evidence_integrity.py:88: AssertionError
_____ test_repository_record_verifies_with_git_provenance_and_reexecution ______

    def test_repository_record_verifies_with_git_provenance_and_reexecution():
        if not (PROJECT_ROOT / ".git").exists():
            pytest.skip("Git provenance needs a Git checkout")
        report = contract.verify_record(PROJECT_ROOT)
>       assert report.problems == ()
E       AssertionError: assert ('dependency ...smatch)', ...) == ()
E         
E         Left contains 12 more items, first extra item: 'dependency scope: src/organoid_analysis/quantification/surface_crofton.py changed after the validation run (SHA-256 mismatch)'
E         Use -v to get more diff

tests/validation/test_evidence_integrity.py:95: AssertionError
____________ test_consistently_forged_pass_is_caught_by_reexecution ____________

evidence_copy = (PosixPath('/private/var/folders/rf/k7y9n9_54m58m7j9z1n3rnc00000gn/T/pytest-of-jlwang/pytest-6/test_consistently_forged_pass_0'), 'docs/evidence/2026-09-12-surface-crofton-v3/evidence_manifest.json')

    def test_consistently_forged_pass_is_caught_by_reexecution(evidence_copy):
        root, relpath = evidence_copy
        raw = root / run_file(relpath, contract.RAW_NAMES[0])
        with raw.open(newline="", encoding="utf-8") as handle:
            rows = list(csv.DictReader(handle))
        for row in rows:
            if row["estimator"] == contract.PRODUCTION_ESTIMATOR_ID:
                row["area_est_um2"], row["area_rel_err"] = row["area_true_um2"], "0"
        with raw.open("w", newline="", encoding="utf-8") as handle:
            writer = csv.DictWriter(handle, fieldnames=list(rows[0]))
            writer.writeheader()
            writer.writerows(rows)
        summary = root / run_file(relpath, contract.DERIVED_NAMES[0])
        document = loads_strict(summary.read_text(encoding="utf-8"))
        production = next(r for r in document["area"]["overall"] if r["estimator"] == contract.PRODUCTION_ESTIMATOR_ID)
        production["status"], production["max_abs"] = "PASS", 0.0
        summary.write_text(dumps_strict(document), encoding="utf-8")
        derived = contract.derive_results(raw)
        assert derived["SG-1"]["status"] == "PASS"
    
        def forge(manifest: dict[str, Any]) -> None:
            rehash_everything(root)(manifest)
            manifest["results"] = loads_strict(dumps_strict(derived))
            manifest["resulting_status"] = {item: result["status"] for item, result in derived.items()}
        edit_manifest(root, relpath, forge)
        # Hashes, seal and derivation are all consistent, so they alone cannot tell...
>       assert problems(root, relpath) == ()
E       AssertionError: assert ('estimator: ...e evaluated',) == ()
E         
E         Left contains one more item: 'estimator: the production estimator identity differs from the one evaluated'
E         Use -v to get more diff

tests/validation/test_evidence_integrity.py:285: AssertionError
________ test_hashes_matching_the_validated_commit_pass_git_provenance _________

committed_copy = (PosixPath('/private/var/folders/rf/k7y9n9_54m58m7j9z1n3rnc00000gn/T/pytest-of-jlwang/pytest-6/test_hashes_matching_th...d0'), 'docs/evidence/2026-09-12-surface-crofton-v3/evidence_manifest.json', '445f382c814a588fc0ce666515f370b33fc760c4')

    def test_hashes_matching_the_validated_commit_pass_git_provenance(committed_copy):
        root, relpath, _ = committed_copy
>       assert problems(root, relpath, check_git=True) == ()
E       AssertionError: assert ('dependency ...smatch)', ...) == ()
E         
E         Left contains 17 more items, first extra item: 'dependency scope: src/organoid_analysis/quantification/surface_crofton.py changed after the validation run (SHA-256 mismatch)'
E         Use -v to get more diff

tests/validation/test_evidence_integrity.py:343: AssertionError
=============================== warnings summary ===============================
tests/microscopy_io/test_io.py: 6 warnings
tests/microscopy_io/test_metadata_contract_regressions.py: 8 warnings
tests/quantification/test_cellular_measurements.py: 2 warnings
tests/segmentation/test_cellpose_inference.py: 3 warnings
tests/statistics/test_inference.py: 7 warnings
tests/visualization/test_3d_preview.py: 6 warnings
tests/workflows/test_export_contract_regressions.py: 2 warnings
tests/workflows/test_multilevel_measurement_workflow.py: 3 warnings
tests/workflows/test_multilevel_numerical_regressions.py: 2 warnings
tests/workflows/test_organoid_measurement_workflow.py: 9 warnings
  /Users/jlwang/Desktop/organoid_analysis/.pixi/envs/default/lib/python3.12/site-packages/tifffile/tifffile.py:4656: DeprecationWarning: Setting the shape on a NumPy array has been deprecated in NumPy 2.5.
  As an alternative, you can create a new view using np.reshape (with copy=False if needed).
    result.shape = shape

tests/microscopy_io/test_metadata_contract_regressions.py: 3 warnings
tests/quantification/test_cellular_measurements.py: 96 warnings
tests/workflows/test_export_contract_regressions.py: 6 warnings
tests/workflows/test_multilevel_measurement_workflow.py: 48 warnings
tests/workflows/test_organoid_measurement_workflow.py: 20 warnings
  /Users/jlwang/Desktop/organoid_analysis/.pixi/envs/default/lib/python3.12/site-packages/tifffile/tifffile.py:23116: DeprecationWarning: Setting the shape on a NumPy array has been deprecated in NumPy 2.5.
  As an alternative, you can create a new view using np.reshape (with copy=False if needed).
    out.shape = shape

tests/microscopy_io/test_metadata_contract_regressions.py: 3 warnings
tests/quantification/test_cellular_measurements.py: 96 warnings
tests/segmentation/test_cellpose_inference.py: 2 warnings
tests/workflows/test_export_contract_regressions.py: 6 warnings
tests/workflows/test_multilevel_measurement_workflow.py: 48 warnings
tests/workflows/test_organoid_measurement_workflow.py: 20 warnings
  /Users/jlwang/Desktop/organoid_analysis/.pixi/envs/default/lib/python3.12/site-packages/tifffile/tifffile.py:9371: DeprecationWarning: Setting the shape on a NumPy array has been deprecated in NumPy 2.5.
  As an alternative, you can create a new view using np.reshape (with copy=False if needed).
    result.shape = keyframe.shaped

tests/microscopy_io/test_metadata_contract_regressions.py: 3 warnings
tests/quantification/test_cellular_measurements.py: 96 warnings
tests/segmentation/test_cellpose_inference.py: 2 warnings
tests/workflows/test_export_contract_regressions.py: 6 warnings
tests/workflows/test_multilevel_measurement_workflow.py: 48 warnings
tests/workflows/test_organoid_measurement_workflow.py: 20 warnings
  /Users/jlwang/Desktop/organoid_analysis/.pixi/envs/default/lib/python3.12/site-packages/tifffile/tifffile.py:9375: DeprecationWarning: Setting the shape on a NumPy array has been deprecated in NumPy 2.5.
  As an alternative, you can create a new view using np.reshape (with copy=False if needed).
    result.shape = keyframe.shape

tests/microscopy_io/test_voxel_spacing.py: 48 warnings
  /Users/jlwang/Desktop/organoid_analysis/.pixi/envs/default/lib/python3.12/site-packages/skimage/measure/_marching_cubes_lewiner.py:237: DeprecationWarning: Setting the shape on a NumPy array has been deprecated in NumPy 2.5.
  As an alternative, you can create a new view using np.reshape (with copy=False if needed).
    ar.shape = shape

tests/microscopy_io/test_voxel_spacing.py: 1 warning
tests/quantification/test_audit_contracts.py: 3 warnings
tests/quantification/test_cellular_measurements.py: 7 warnings
tests/quantification/test_geometry.py: 13 warnings
tests/quantification/test_mask_feature_semantics.py: 7 warnings
tests/quantification/test_mask_features.py: 14 warnings
tests/quantification/test_measurement_policy.py: 29 warnings
tests/quantification/test_surface_qualified_domain.py: 9 warnings
tests/statistics/test_inference.py: 14 warnings
tests/test_scientific_validation_gate.py: 564 warnings
tests/validation/test_evidence_integrity.py: 192 warnings
tests/visualization/test_viewer.py: 17 warnings
tests/web_interface/test_segmentation_workspace.py: 4 warnings
tests/workflows/test_mask_feature_bundle.py: 3 warnings
tests/workflows/test_multilevel_measurement_workflow.py: 104 warnings
tests/workflows/test_multilevel_numerical_regressions.py: 8 warnings
tests/workflows/test_organoid_measurement_workflow.py: 8 warnings
tests/workflows/test_surface_metadata_exports.py: 5 warnings
  /Users/jlwang/Desktop/organoid_analysis/.pixi/envs/default/lib/python3.12/site-packages/skimage/measure/_marching_cubes_lewiner.py:213: DeprecationWarning: Setting the shape on a NumPy array has been deprecated in NumPy 2.5.
  As an alternative, you can create a new view using np.reshape (with copy=False if needed).
    faces.shape = -1, 3

tests/segmentation/test_parameter_estimation.py::AnisotropyTests::test_anisotropy_unknown_when_no_metadata
  /Users/jlwang/Desktop/organoid_analysis/.pixi/envs/default/lib/python3.12/site-packages/tifffile/tifffile.py:1463: DeprecationWarning: <tifffile.TiffWriter.write> data with shape (4, 8, 8) and dtype 'uint16' are stored as RGB with separate component planes. Future versions will store such data as MINISBLACK in separate pages by default, unless the 'photometric' and 'planarconfig' parameters are specified.
    return tif.write(

tests/segmentation/test_watershed_instances.py: 2 warnings
tests/statistics/test_inference.py: 7 warnings
tests/workflows/test_organoid_measurement_workflow.py: 4 warnings
  /Users/jlwang/Desktop/organoid_analysis/.pixi/envs/default/lib/python3.12/site-packages/skimage/morphology/grayreconstruct.py:216: DeprecationWarning: Setting the shape on a NumPy array has been deprecated in NumPy 2.5.
  As an alternative, you can create a new view using np.reshape (with copy=False if needed).
    rec_img.shape = np.array(seed.shape) + (np.array(footprint.shape) - 1)

tests/statistics/test_exploration.py::ClusteringTests::test_cluster_feature_importance
  /Users/jlwang/Desktop/organoid_analysis/.pixi/envs/default/lib/python3.12/site-packages/joblib/externals/loky/backend/context.py:131: UserWarning: Could not find the number of physical cores for the following reason:
  invalid literal for int() with base 10: ''
  Returning the number of logical cores instead. You can silence this warning by setting LOKY_MAX_CPU_COUNT to the number of cores you want to use.
    warnings.warn(

tests/statistics/test_inference.py: 13 warnings
  /Users/jlwang/Desktop/organoid_analysis/.pixi/envs/default/lib/python3.12/site-packages/statsmodels/regression/mixed_linear_model.py:2237: ConvergenceWarning: The MLE may be on the boundary of the parameter space.
    warnings.warn(msg, ConvergenceWarning)

tests/statistics/test_inference.py::test_real_effect_is_significant_and_null_feature_is_not
tests/statistics/test_inference.py::test_real_effect_is_significant_and_null_feature_is_not
tests/statistics/test_inference.py::test_bh_fdr_padj_never_below_raw_p
tests/statistics/test_inference.py::test_pairwise_output_is_self_describing_and_scale_correct
tests/statistics/test_inference.py::test_raw_scale_feature_reports_no_geometric_mean_ratio
tests/statistics/test_inference.py::test_condition_with_too_few_replicates_is_excluded
tests/statistics/test_inference.py::test_pipeline_writes_pairwise_contrasts_end_to_end
tests/statistics/test_inference.py::test_pipeline_writes_pairwise_contrasts_end_to_end
  /Users/jlwang/Desktop/organoid_analysis/.pixi/envs/default/lib/python3.12/site-packages/statsmodels/base/model.py:1912: FutureWarning: The behavior of wald_test will change after 0.14 to returning scalar test statistic values. To get the future behavior now, set scalar to True. To silence this message while retaining the legacy behavior, set scalar to False.
    warnings.warn(

tests/statistics/test_inference.py::test_real_effect_is_significant_and_null_feature_is_not
tests/statistics/test_inference.py::test_pairwise_output_is_self_describing_and_scale_correct
tests/statistics/test_inference.py::test_raw_scale_feature_reports_no_geometric_mean_ratio
tests/statistics/test_inference.py::test_condition_with_too_few_replicates_is_excluded
tests/statistics/test_inference.py::test_pipeline_writes_pairwise_contrasts_end_to_end
tests/statistics/test_inference.py::test_pipeline_writes_pairwise_contrasts_end_to_end
  /Users/jlwang/Desktop/organoid_analysis/.pixi/envs/default/lib/python3.12/site-packages/statsmodels/regression/mixed_linear_model.py:2261: ConvergenceWarning: The Hessian matrix at the estimated parameter values is not positive definite.
    warnings.warn(msg, ConvergenceWarning)

tests/statistics/test_inference.py::test_ols_fallback_uses_cluster_robust_t_reference
tests/statistics/test_inference.py::test_ols_fallback_uses_cluster_robust_t_reference
tests/statistics/test_inference.py::test_ols_fallback_on_degenerate_random_effect
tests/statistics/test_inference.py::test_ols_fallback_on_degenerate_random_effect
  /Users/jlwang/Desktop/organoid_analysis/.pixi/envs/default/lib/python3.12/site-packages/statsmodels/regression/mixed_linear_model.py:1556: RuntimeWarning: divide by zero encountered in log
    likeval -= (self.n_totobs - self.k_fe) * np.log(qf) / 2.

tests/statistics/test_inference.py::test_ols_fallback_uses_cluster_robust_t_reference
tests/statistics/test_inference.py::test_ols_fallback_uses_cluster_robust_t_reference
tests/statistics/test_inference.py::test_ols_fallback_on_degenerate_random_effect
tests/statistics/test_inference.py::test_ols_fallback_on_degenerate_random_effect
  /Users/jlwang/Desktop/organoid_analysis/.pixi/envs/default/lib/python3.12/site-packages/statsmodels/regression/mixed_linear_model.py:1796: RuntimeWarning: invalid value encountered in divide
    score_re += 0.5 * fac * rvavr[0:self.k_re2] / rvir

tests/statistics/test_inference.py::test_ols_fallback_uses_cluster_robust_t_reference
tests/statistics/test_inference.py::test_ols_fallback_on_degenerate_random_effect
  /Users/jlwang/Desktop/organoid_analysis/.pixi/envs/default/lib/python3.12/site-packages/numpy/linalg/_linalg.py:2349: RuntimeWarning: invalid value encountered in slogdet
    sign, logdet = _umath_linalg.slogdet(a, signature=signature)

tests/statistics/test_inference.py::test_ols_fallback_uses_cluster_robust_t_reference
tests/statistics/test_inference.py::test_ols_fallback_uses_cluster_robust_t_reference
tests/statistics/test_inference.py::test_ols_fallback_on_degenerate_random_effect
tests/statistics/test_inference.py::test_ols_fallback_on_degenerate_random_effect
  /Users/jlwang/Desktop/organoid_analysis/.pixi/envs/default/lib/python3.12/site-packages/statsmodels/base/model.py:607: ConvergenceWarning: Maximum Likelihood optimization failed to converge. Check mle_retvals
    warnings.warn("Maximum Likelihood optimization failed to "

tests/statistics/test_inference.py::test_ols_fallback_uses_cluster_robust_t_reference
tests/statistics/test_inference.py::test_ols_fallback_uses_cluster_robust_t_reference
tests/statistics/test_inference.py::test_ols_fallback_on_degenerate_random_effect
tests/statistics/test_inference.py::test_ols_fallback_on_degenerate_random_effect
  /Users/jlwang/Desktop/organoid_analysis/.pixi/envs/default/lib/python3.12/site-packages/statsmodels/regression/mixed_linear_model.py:2206: ConvergenceWarning: MixedLM optimization failed, trying a different optimizer may help.
    warnings.warn(msg, ConvergenceWarning)

tests/statistics/test_inference.py::test_ols_fallback_uses_cluster_robust_t_reference
tests/statistics/test_inference.py::test_ols_fallback_uses_cluster_robust_t_reference
tests/statistics/test_inference.py::test_ols_fallback_on_degenerate_random_effect
tests/statistics/test_inference.py::test_ols_fallback_on_degenerate_random_effect
  /Users/jlwang/Desktop/organoid_analysis/.pixi/envs/default/lib/python3.12/site-packages/statsmodels/regression/mixed_linear_model.py:2218: ConvergenceWarning: Gradient optimization failed, |grad| = nan
    warnings.warn(msg, ConvergenceWarning)

tests/statistics/test_inference.py::test_ols_fallback_uses_cluster_robust_t_reference
tests/statistics/test_inference.py::test_ols_fallback_uses_cluster_robust_t_reference
tests/statistics/test_inference.py::test_ols_fallback_on_degenerate_random_effect
tests/statistics/test_inference.py::test_ols_fallback_on_degenerate_random_effect
  /Users/jlwang/Desktop/organoid_analysis/.pixi/envs/default/lib/python3.12/site-packages/statsmodels/regression/mixed_linear_model.py:2005: RuntimeWarning: divide by zero encountered in divide
    hess_fe -= fac * xtvix / rvir

tests/statistics/test_inference.py::test_ols_fallback_uses_cluster_robust_t_reference
tests/statistics/test_inference.py::test_ols_fallback_uses_cluster_robust_t_reference
tests/statistics/test_inference.py::test_ols_fallback_on_degenerate_random_effect
tests/statistics/test_inference.py::test_ols_fallback_on_degenerate_random_effect
  /Users/jlwang/Desktop/organoid_analysis/.pixi/envs/default/lib/python3.12/site-packages/statsmodels/regression/mixed_linear_model.py:2006: RuntimeWarning: invalid value encountered in divide
    hess_re = hess_re - 0.5 * fac * (D/rvir - np.outer(B, B) / rvir**2)

tests/statistics/test_inference.py::test_ols_fallback_uses_cluster_robust_t_reference
tests/statistics/test_inference.py::test_ols_fallback_uses_cluster_robust_t_reference
tests/statistics/test_inference.py::test_ols_fallback_on_degenerate_random_effect
tests/statistics/test_inference.py::test_ols_fallback_on_degenerate_random_effect
  /Users/jlwang/Desktop/organoid_analysis/.pixi/envs/default/lib/python3.12/site-packages/statsmodels/regression/mixed_linear_model.py:2007: RuntimeWarning: invalid value encountered in divide
    hess_fere = -fac * hess_fere / rvir

tests/statistics/test_inference.py::test_pipeline_writes_pairwise_contrasts_end_to_end
tests/statistics/test_inference.py::test_pipeline_writes_pairwise_contrasts_end_to_end
  /Users/jlwang/Desktop/organoid_analysis/.pixi/envs/default/lib/python3.12/site-packages/statsmodels/base/model.py:1894: ValueWarning: covariance of constraints does not have full rank. The number of constraints is 1, but rank is 0
    warnings.warn('covariance of constraints does not have full '

tests/statistics/test_statistical_contract_regressions.py::test_small_group_comparison_and_empty_cluster_abstain
  /Users/jlwang/Desktop/organoid_analysis/.pixi/envs/default/lib/python3.12/site-packages/scipy/stats/_morestats.py:3326: RuntimeWarning: invalid value encountered in divide
    W = numer / denom

tests/visualization/test_surface_coordinates.py::test_surface_preserves_asymmetric_zyx_locations_and_sparse_label[None]
tests/visualization/test_surface_coordinates.py::test_surface_preserves_asymmetric_zyx_locations_and_sparse_label[None]
tests/visualization/test_surface_coordinates.py::test_surface_preserves_asymmetric_zyx_locations_and_sparse_label[513]
tests/visualization/test_surface_coordinates.py::test_surface_preserves_asymmetric_zyx_locations_and_sparse_label[513]
tests/visualization/test_surface_coordinates.py::test_surface_preserves_asymmetric_zyx_locations_and_sparse_label[513]
tests/visualization/test_surface_coordinates.py::test_surface_preserves_asymmetric_zyx_locations_and_sparse_label[513]
tests/visualization/test_surface_coordinates.py::test_surface_preserves_asymmetric_zyx_locations_and_sparse_label[513]
tests/visualization/test_surface_coordinates.py::test_surface_preserves_asymmetric_zyx_locations_and_sparse_label[513]
  /Users/jlwang/Desktop/organoid_analysis/.pixi/envs/default/lib/python3.12/site-packages/vtkmodules/util/numpy_support.py:244: DeprecationWarning: Setting the shape on a NumPy array has been deprecated in NumPy 2.5.
  As an alternative, you can create a new view using np.reshape (with copy=False if needed).
    result.shape = shape

-- Docs: https://docs.pytest.org/en/stable/how-to/capture-warnings.html
=========================== short test summary info ============================
FAILED tests/test_scientific_validation_gate.py::test_current_analytical_evidence_is_accepted_and_backs_the_items
FAILED tests/test_scientific_validation_gate.py::test_pass_borrowing_a_record_that_does_not_report_it_is_rejected
FAILED tests/validation/test_evidence_integrity.py::test_untouched_copy_of_the_record_verifies
FAILED tests/validation/test_evidence_integrity.py::test_repository_record_verifies_with_git_provenance_and_reexecution
FAILED tests/validation/test_evidence_integrity.py::test_consistently_forged_pass_is_caught_by_reexecution
FAILED tests/validation/test_evidence_integrity.py::test_hashes_matching_the_validated_commit_pass_git_provenance
= 6 failed, 481 passed, 8 skipped, 8 deselected, 1708 warnings in 109.35s (0:01:49) =
