1.0x1.0x1.0  aniso=1.00 m=1 K=   13 lp= 4.264% t*= 4.264% vor= 6.911%     0.0s
1.0x1.0x1.0  aniso=1.00 m=2 K=   49 lp= 1.295% t*= 1.295% vor= 1.841%     0.4s
1.0x1.0x1.0  aniso=1.00 m=3 K=  145 lp= 0.607% t*= 0.607% vor= 0.866%    14.4s
1.0x1.0x1.0  aniso=1.00 m=4 K=  289 lp= 0.417% t*= 0.335% vor= 0.556%   163.2s
2.0x1.0x1.0  aniso=2.00 m=1 K=   13 lp= 9.292% t*= 9.292% vor=12.185%     0.0s
2.0x1.0x1.0  aniso=2.00 m=2 K=   49 lp= 3.799% t*= 3.799% vor= 6.446%     0.4s
2.0x1.0x1.0  aniso=2.00 m=3 K=  145 lp= 2.079% t*= 2.079% vor= 4.279%     7.4s
2.0x1.0x1.0  aniso=2.00 m=4 K=  289 lp= 1.271% t*= 1.271% vor= 2.885%   113.2s
3.0x1.0x1.0  aniso=3.00 m=1 K=   13 lp=12.140% t*=12.140% vor=15.030%     0.0s
3.0x1.0x1.0  aniso=3.00 m=2 K=   49 lp= 6.148% t*= 6.148% vor= 8.419%     0.2s
3.0x1.0x1.0  aniso=3.00 m=3 K=  145 lp= 3.784% t*= 3.784% vor= 6.619%     3.5s
3.0x1.0x1.0  aniso=3.00 m=4 K=  289 lp= 2.504% t*= 2.504% vor= 5.062%    32.7s
2.0x0.7x0.7  aniso=2.86 m=1 K=   13 lp=11.836% t*=11.836% vor=14.373%     0.0s
2.0x0.7x0.7  aniso=2.86 m=2 K=   49 lp= 5.825% t*= 5.824% vor= 8.247%     0.1s
2.0x0.7x0.7  aniso=2.86 m=3 K=  145 lp= 3.592% t*= 3.592% vor= 6.356%     4.7s
2.0x0.7x0.7  aniso=2.86 m=4 K=  289 lp= 2.739% t*= 2.335% vor= 4.779%   146.5s
1.5x1.0x1.0  aniso=1.50 m=1 K=   13 lp= 6.912% t*= 6.912% vor= 9.780%     0.0s
1.5x1.0x1.0  aniso=1.50 m=2 K=   49 lp= 2.522% t*= 2.522% vor= 4.483%     0.7s
1.5x1.0x1.0  aniso=1.50 m=3 K=  145 lp= 1.273% t*= 1.273% vor= 2.707%     9.4s
1.5x1.0x1.0  aniso=1.50 m=4 K=  289 lp= 0.981% t*= 0.745% vor= 1.722%   198.4s
2.5x0.8x0.8  aniso=3.12 m=1 K=   13 lp=12.404% t*=12.404% vor=15.646%     0.0s
2.5x0.8x0.8  aniso=3.12 m=2 K=   49 lp= 6.428% t*= 6.428% vor= 8.548%     0.2s
2.5x0.8x0.8  aniso=3.12 m=3 K=  145 lp= 4.049% t*= 4.049% vor= 6.829%     5.4s
2.5x0.8x0.8  aniso=3.12 m=4 K=  289 lp= 2.695% t*= 2.695% vor= 5.299%   109.7s
4.0x1.0x1.0  aniso=4.00 m=1 K=   13 lp=13.692% t*=13.692% vor=19.333%     0.0s
4.0x1.0x1.0  aniso=4.00 m=2 K=   49 lp= 8.444% t*= 8.444% vor=10.341%     0.1s
4.0x1.0x1.0  aniso=4.00 m=3 K=  145 lp= 5.422% t*= 5.422% vor= 7.902%     1.4s
4.0x1.0x1.0  aniso=4.00 m=4 K=  289 lp= 3.780% t*= 3.780% vor= 6.679%    23.3s
