✨ Pixi task (lint): ruff check src tests scripts
All checks passed!

✨ Pixi task (test): python -m pytest -v
============================= test session starts ==============================
platform darwin -- Python 3.12.14, pytest-9.1.1, pluggy-1.6.0
rootdir: /Users/jlwang/Desktop/organoid_analysis
configfile: pyproject.toml
testpaths: tests
plugins: cov-7.1.0, anyio-4.14.2
collected 358 items / 8 deselected / 350 selected

tests/microscopy_io/test_io.py ..................                        [  5%]
tests/microscopy_io/test_metadata_contract_regressions.py .............. [  9%]
........................                                                 [ 16%]
tests/microscopy_io/test_resampling.py .............                     [ 19%]
tests/microscopy_io/test_voxel_spacing.py ...............                [ 24%]
tests/phenotyping/test_viability_summary.py ........                     [ 26%]
tests/quantification/test_audit_contracts.py ............                [ 29%]
tests/quantification/test_cellular_measurements.py ..............        [ 33%]
tests/quantification/test_geometry.py ......                             [ 35%]
tests/quantification/test_labels.py ...                                  [ 36%]
tests/quantification/test_marker_measurements.py ....                    [ 37%]
tests/quantification/test_mask_feature_semantics.py .......              [ 39%]
tests/quantification/test_mask_features.py ................              [ 44%]
tests/segmentation/test_cellpose_inference.py .............              [ 47%]
tests/segmentation/test_inference_contract_regressions.py .............. [ 51%]
.                                                                        [ 52%]
tests/segmentation/test_parameter_estimation.py .........                [ 54%]
tests/segmentation/test_watershed_instances.py ..........                [ 57%]
tests/statistics/test_exploration.py ..................                  [ 62%]
tests/statistics/test_inference.py ...........                           [ 65%]
tests/statistics/test_statistical_contract_regressions.py ...........    [ 68%]
tests/test_scientific_validation_gate.py .FF                             [ 69%]
tests/test_validate_notebooks_script.py .                                [ 70%]
tests/visualization/test_3d_preview.py .......................           [ 76%]
tests/visualization/test_layout_render.py sssss                          [ 78%]
tests/visualization/test_render_smoke.py sss                             [ 78%]
tests/visualization/test_surface_coordinates.py ..                       [ 79%]
tests/visualization/test_viewer.py ............................          [ 87%]
tests/web_interface/test_multilevel_results_ui.py .                      [ 87%]
tests/web_interface/test_segmentation_workspace.py .........             [ 90%]
tests/workflows/test_export_contract_regressions.py .....                [ 91%]
tests/workflows/test_mask_feature_bundle.py ....                         [ 92%]
tests/workflows/test_multilevel_measurement_workflow.py ...............  [ 97%]
tests/workflows/test_multilevel_numerical_regressions.py ....            [ 98%]
tests/workflows/test_organoid_measurement_workflow.py ......             [100%]

=================================== FAILURES ===================================
_________ test_gate_evidence_matches_the_current_production_estimator __________

    def test_gate_evidence_matches_the_current_production_estimator():
>       gate = _load_gate()
               ^^^^^^^^^^^^

tests/test_scientific_validation_gate.py:30: 
_ _ _ _ _ _ _ _ _ _ _ _ _ _ _ _ _ _ _ _ _ _ _ _ _ _ _ _ _ _ _ _ _ _ _ _ _ _ _ _ 
tests/test_scientific_validation_gate.py:18: in _load_gate
    spec.loader.exec_module(module)
<frozen importlib._bootstrap_external>:999: in exec_module
    ???
<frozen importlib._bootstrap>:488: in _call_with_frames_removed
    ???
scripts/scientific_validation_gate.py:39: in <module>
    @dataclass(frozen=True)
     ^^^^^^^^^^^^^^^^^^^^^^
.pixi/envs/default/lib/python3.12/dataclasses.py:1265: in wrap
    return _process_class(cls, init, repr, eq, order, unsafe_hash,
.pixi/envs/default/lib/python3.12/dataclasses.py:983: in _process_class
    and _is_type(type, cls, dataclasses, dataclasses.KW_ONLY,
_ _ _ _ _ _ _ _ _ _ _ _ _ _ _ _ _ _ _ _ _ _ _ _ _ _ _ _ _ _ _ _ _ _ _ _ _ _ _ _ 

annotation = 'str', cls = <class 'scientific_validation_gate.GateItem'>
a_module = <module 'dataclasses' from '/Users/jlwang/Desktop/organoid_analysis/.pixi/envs/default/lib/python3.12/dataclasses.py'>
a_type = <dataclasses._KW_ONLY_TYPE object at 0x103730fe0>
is_type_predicate = <function _is_kw_only at 0x103796020>

    def _is_type(annotation, cls, a_module, a_type, is_type_predicate):
        # Given a type annotation string, does it refer to a_type in
        # a_module?  For example, when checking that annotation denotes a
        # ClassVar, then a_module is typing, and a_type is
        # typing.ClassVar.
    
        # It's possible to look up a_module given a_type, but it involves
        # looking in sys.modules (again!), and seems like a waste since
        # the caller already knows a_module.
    
        # - annotation is a string type annotation
        # - cls is the class that this annotation was found in
        # - a_module is the module we want to match
        # - a_type is the type in that module we want to match
        # - is_type_predicate is a function called with (obj, a_module)
        #   that determines if obj is of the desired type.
    
        # Since this test does not do a local namespace lookup (and
        # instead only a module (global) lookup), there are some things it
        # gets wrong.
    
        # With string annotations, cv0 will be detected as a ClassVar:
        #   CV = ClassVar
        #   @dataclass
        #   class C0:
        #     cv0: CV
    
        # But in this example cv1 will not be detected as a ClassVar:
        #   @dataclass
        #   class C1:
        #     CV = ClassVar
        #     cv1: CV
    
        # In C1, the code in this function (_is_type) will look up "CV" in
        # the module and not find it, so it will not consider cv1 as a
        # ClassVar.  This is a fairly obscure corner case, and the best
        # way to fix it would be to eval() the string "CV" with the
        # correct global and local namespaces.  However that would involve
        # a eval() penalty for every single field of every dataclass
        # that's defined.  It was judged not worth it.
    
        match = _MODULE_IDENTIFIER_RE.match(annotation)
        if match:
            ns = None
            module_name = match.group(1)
            if not module_name:
                # No module name, assume the class's module did
                # "from dataclasses import InitVar".
>               ns = sys.modules.get(cls.__module__).__dict__
                     ^^^^^^^^^^^^^^^^^^^^^^^^^^^^^^^^^^^^^^^^
E               AttributeError: 'NoneType' object has no attribute '__dict__'. Did you mean: '__dir__'?

.pixi/envs/default/lib/python3.12/dataclasses.py:749: AttributeError
____________________ test_pass_without_evidence_is_rejected ____________________

monkeypatch = <_pytest.monkeypatch.MonkeyPatch object at 0x377db6a80>

    def test_pass_without_evidence_is_rejected(monkeypatch):
>       gate = _load_gate()
               ^^^^^^^^^^^^

tests/test_scientific_validation_gate.py:37: 
_ _ _ _ _ _ _ _ _ _ _ _ _ _ _ _ _ _ _ _ _ _ _ _ _ _ _ _ _ _ _ _ _ _ _ _ _ _ _ _ 
tests/test_scientific_validation_gate.py:18: in _load_gate
    spec.loader.exec_module(module)
<frozen importlib._bootstrap_external>:999: in exec_module
    ???
<frozen importlib._bootstrap>:488: in _call_with_frames_removed
    ???
scripts/scientific_validation_gate.py:39: in <module>
    @dataclass(frozen=True)
     ^^^^^^^^^^^^^^^^^^^^^^
.pixi/envs/default/lib/python3.12/dataclasses.py:1265: in wrap
    return _process_class(cls, init, repr, eq, order, unsafe_hash,
.pixi/envs/default/lib/python3.12/dataclasses.py:983: in _process_class
    and _is_type(type, cls, dataclasses, dataclasses.KW_ONLY,
_ _ _ _ _ _ _ _ _ _ _ _ _ _ _ _ _ _ _ _ _ _ _ _ _ _ _ _ _ _ _ _ _ _ _ _ _ _ _ _ 

annotation = 'str', cls = <class 'scientific_validation_gate.GateItem'>
a_module = <module 'dataclasses' from '/Users/jlwang/Desktop/organoid_analysis/.pixi/envs/default/lib/python3.12/dataclasses.py'>
a_type = <dataclasses._KW_ONLY_TYPE object at 0x103730fe0>
is_type_predicate = <function _is_kw_only at 0x103796020>

    def _is_type(annotation, cls, a_module, a_type, is_type_predicate):
        # Given a type annotation string, does it refer to a_type in
        # a_module?  For example, when checking that annotation denotes a
        # ClassVar, then a_module is typing, and a_type is
        # typing.ClassVar.
    
        # It's possible to look up a_module given a_type, but it involves
        # looking in sys.modules (again!), and seems like a waste since
        # the caller already knows a_module.
    
        # - annotation is a string type annotation
        # - cls is the class that this annotation was found in
        # - a_module is the module we want to match
        # - a_type is the type in that module we want to match
        # - is_type_predicate is a function called with (obj, a_module)
        #   that determines if obj is of the desired type.
    
        # Since this test does not do a local namespace lookup (and
        # instead only a module (global) lookup), there are some things it
        # gets wrong.
    
        # With string annotations, cv0 will be detected as a ClassVar:
        #   CV = ClassVar
        #   @dataclass
        #   class C0:
        #     cv0: CV
    
        # But in this example cv1 will not be detected as a ClassVar:
        #   @dataclass
        #   class C1:
        #     CV = ClassVar
        #     cv1: CV
    
        # In C1, the code in this function (_is_type) will look up "CV" in
        # the module and not find it, so it will not consider cv1 as a
        # ClassVar.  This is a fairly obscure corner case, and the best
        # way to fix it would be to eval() the string "CV" with the
        # correct global and local namespaces.  However that would involve
        # a eval() penalty for every single field of every dataclass
        # that's defined.  It was judged not worth it.
    
        match = _MODULE_IDENTIFIER_RE.match(annotation)
        if match:
            ns = None
            module_name = match.group(1)
            if not module_name:
                # No module name, assume the class's module did
                # "from dataclasses import InitVar".
>               ns = sys.modules.get(cls.__module__).__dict__
                     ^^^^^^^^^^^^^^^^^^^^^^^^^^^^^^^^^^^^^^^^
E               AttributeError: 'NoneType' object has no attribute '__dict__'. Did you mean: '__dir__'?

.pixi/envs/default/lib/python3.12/dataclasses.py:749: AttributeError
=============================== warnings summary ===============================
tests/microscopy_io/test_io.py: 6 warnings
tests/microscopy_io/test_metadata_contract_regressions.py: 8 warnings
tests/quantification/test_cellular_measurements.py: 2 warnings
tests/segmentation/test_cellpose_inference.py: 3 warnings
tests/statistics/test_inference.py: 7 warnings
tests/visualization/test_3d_preview.py: 6 warnings
tests/workflows/test_export_contract_regressions.py: 2 warnings
tests/workflows/test_multilevel_measurement_workflow.py: 3 warnings
tests/workflows/test_multilevel_numerical_regressions.py: 2 warnings
tests/workflows/test_organoid_measurement_workflow.py: 9 warnings
  /Users/jlwang/Desktop/organoid_analysis/.pixi/envs/default/lib/python3.12/site-packages/tifffile/tifffile.py:4656: DeprecationWarning: Setting the shape on a NumPy array has been deprecated in NumPy 2.5.
  As an alternative, you can create a new view using np.reshape (with copy=False if needed).
    result.shape = shape

tests/microscopy_io/test_metadata_contract_regressions.py: 3 warnings
tests/quantification/test_cellular_measurements.py: 96 warnings
tests/workflows/test_export_contract_regressions.py: 6 warnings
tests/workflows/test_multilevel_measurement_workflow.py: 48 warnings
tests/workflows/test_organoid_measurement_workflow.py: 20 warnings
  /Users/jlwang/Desktop/organoid_analysis/.pixi/envs/default/lib/python3.12/site-packages/tifffile/tifffile.py:23116: DeprecationWarning: Setting the shape on a NumPy array has been deprecated in NumPy 2.5.
  As an alternative, you can create a new view using np.reshape (with copy=False if needed).
    out.shape = shape

tests/microscopy_io/test_metadata_contract_regressions.py: 3 warnings
tests/quantification/test_cellular_measurements.py: 96 warnings
tests/segmentation/test_cellpose_inference.py: 2 warnings
tests/workflows/test_export_contract_regressions.py: 6 warnings
tests/workflows/test_multilevel_measurement_workflow.py: 48 warnings
tests/workflows/test_organoid_measurement_workflow.py: 20 warnings
  /Users/jlwang/Desktop/organoid_analysis/.pixi/envs/default/lib/python3.12/site-packages/tifffile/tifffile.py:9371: DeprecationWarning: Setting the shape on a NumPy array has been deprecated in NumPy 2.5.
  As an alternative, you can create a new view using np.reshape (with copy=False if needed).
    result.shape = keyframe.shaped

tests/microscopy_io/test_metadata_contract_regressions.py: 3 warnings
tests/quantification/test_cellular_measurements.py: 96 warnings
tests/segmentation/test_cellpose_inference.py: 2 warnings
tests/workflows/test_export_contract_regressions.py: 6 warnings
tests/workflows/test_multilevel_measurement_workflow.py: 48 warnings
tests/workflows/test_organoid_measurement_workflow.py: 20 warnings
  /Users/jlwang/Desktop/organoid_analysis/.pixi/envs/default/lib/python3.12/site-packages/tifffile/tifffile.py:9375: DeprecationWarning: Setting the shape on a NumPy array has been deprecated in NumPy 2.5.
  As an alternative, you can create a new view using np.reshape (with copy=False if needed).
    result.shape = keyframe.shape

tests/microscopy_io/test_voxel_spacing.py: 48 warnings
  /Users/jlwang/Desktop/organoid_analysis/.pixi/envs/default/lib/python3.12/site-packages/skimage/measure/_marching_cubes_lewiner.py:237: DeprecationWarning: Setting the shape on a NumPy array has been deprecated in NumPy 2.5.
  As an alternative, you can create a new view using np.reshape (with copy=False if needed).
    ar.shape = shape

tests/microscopy_io/test_voxel_spacing.py: 1 warning
tests/quantification/test_audit_contracts.py: 3 warnings
tests/quantification/test_cellular_measurements.py: 7 warnings
tests/quantification/test_geometry.py: 9 warnings
tests/quantification/test_mask_feature_semantics.py: 7 warnings
tests/quantification/test_mask_features.py: 14 warnings
tests/statistics/test_inference.py: 14 warnings
tests/visualization/test_viewer.py: 17 warnings
tests/web_interface/test_segmentation_workspace.py: 3 warnings
tests/workflows/test_mask_feature_bundle.py: 3 warnings
tests/workflows/test_multilevel_measurement_workflow.py: 104 warnings
tests/workflows/test_multilevel_numerical_regressions.py: 8 warnings
tests/workflows/test_organoid_measurement_workflow.py: 8 warnings
  /Users/jlwang/Desktop/organoid_analysis/.pixi/envs/default/lib/python3.12/site-packages/skimage/measure/_marching_cubes_lewiner.py:213: DeprecationWarning: Setting the shape on a NumPy array has been deprecated in NumPy 2.5.
  As an alternative, you can create a new view using np.reshape (with copy=False if needed).
    faces.shape = -1, 3

tests/segmentation/test_parameter_estimation.py::AnisotropyTests::test_anisotropy_unknown_when_no_metadata
  /Users/jlwang/Desktop/organoid_analysis/.pixi/envs/default/lib/python3.12/site-packages/tifffile/tifffile.py:1463: DeprecationWarning: <tifffile.TiffWriter.write> data with shape (4, 8, 8) and dtype 'uint16' are stored as RGB with separate component planes. Future versions will store such data as MINISBLACK in separate pages by default, unless the 'photometric' and 'planarconfig' parameters are specified.
    return tif.write(

tests/segmentation/test_watershed_instances.py: 2 warnings
tests/statistics/test_inference.py: 7 warnings
tests/workflows/test_organoid_measurement_workflow.py: 4 warnings
  /Users/jlwang/Desktop/organoid_analysis/.pixi/envs/default/lib/python3.12/site-packages/skimage/morphology/grayreconstruct.py:216: DeprecationWarning: Setting the shape on a NumPy array has been deprecated in NumPy 2.5.
  As an alternative, you can create a new view using np.reshape (with copy=False if needed).
    rec_img.shape = np.array(seed.shape) + (np.array(footprint.shape) - 1)

tests/statistics/test_inference.py: 13 warnings
  /Users/jlwang/Desktop/organoid_analysis/.pixi/envs/default/lib/python3.12/site-packages/statsmodels/regression/mixed_linear_model.py:2237: ConvergenceWarning: The MLE may be on the boundary of the parameter space.
    warnings.warn(msg, ConvergenceWarning)

tests/statistics/test_inference.py::test_real_effect_is_significant_and_null_feature_is_not
tests/statistics/test_inference.py::test_real_effect_is_significant_and_null_feature_is_not
tests/statistics/test_inference.py::test_bh_fdr_padj_never_below_raw_p
tests/statistics/test_inference.py::test_pairwise_output_is_self_describing_and_scale_correct
tests/statistics/test_inference.py::test_raw_scale_feature_reports_no_geometric_mean_ratio
tests/statistics/test_inference.py::test_condition_with_too_few_replicates_is_excluded
tests/statistics/test_inference.py::test_pipeline_writes_pairwise_contrasts_end_to_end
tests/statistics/test_inference.py::test_pipeline_writes_pairwise_contrasts_end_to_end
  /Users/jlwang/Desktop/organoid_analysis/.pixi/envs/default/lib/python3.12/site-packages/statsmodels/base/model.py:1912: FutureWarning: The behavior of wald_test will change after 0.14 to returning scalar test statistic values. To get the future behavior now, set scalar to True. To silence this message while retaining the legacy behavior, set scalar to False.
    warnings.warn(

tests/statistics/test_inference.py::test_real_effect_is_significant_and_null_feature_is_not
tests/statistics/test_inference.py::test_pairwise_output_is_self_describing_and_scale_correct
tests/statistics/test_inference.py::test_raw_scale_feature_reports_no_geometric_mean_ratio
tests/statistics/test_inference.py::test_condition_with_too_few_replicates_is_excluded
tests/statistics/test_inference.py::test_pipeline_writes_pairwise_contrasts_end_to_end
tests/statistics/test_inference.py::test_pipeline_writes_pairwise_contrasts_end_to_end
  /Users/jlwang/Desktop/organoid_analysis/.pixi/envs/default/lib/python3.12/site-packages/statsmodels/regression/mixed_linear_model.py:2261: ConvergenceWarning: The Hessian matrix at the estimated parameter values is not positive definite.
    warnings.warn(msg, ConvergenceWarning)

tests/statistics/test_inference.py::test_ols_fallback_uses_cluster_robust_t_reference
tests/statistics/test_inference.py::test_ols_fallback_uses_cluster_robust_t_reference
tests/statistics/test_inference.py::test_ols_fallback_on_degenerate_random_effect
tests/statistics/test_inference.py::test_ols_fallback_on_degenerate_random_effect
  /Users/jlwang/Desktop/organoid_analysis/.pixi/envs/default/lib/python3.12/site-packages/statsmodels/regression/mixed_linear_model.py:1556: RuntimeWarning: divide by zero encountered in log
    likeval -= (self.n_totobs - self.k_fe) * np.log(qf) / 2.

tests/statistics/test_inference.py::test_ols_fallback_uses_cluster_robust_t_reference
tests/statistics/test_inference.py::test_ols_fallback_uses_cluster_robust_t_reference
tests/statistics/test_inference.py::test_ols_fallback_on_degenerate_random_effect
tests/statistics/test_inference.py::test_ols_fallback_on_degenerate_random_effect
  /Users/jlwang/Desktop/organoid_analysis/.pixi/envs/default/lib/python3.12/site-packages/statsmodels/regression/mixed_linear_model.py:1796: RuntimeWarning: invalid value encountered in divide
    score_re += 0.5 * fac * rvavr[0:self.k_re2] / rvir

tests/statistics/test_inference.py::test_ols_fallback_uses_cluster_robust_t_reference
tests/statistics/test_inference.py::test_ols_fallback_on_degenerate_random_effect
  /Users/jlwang/Desktop/organoid_analysis/.pixi/envs/default/lib/python3.12/site-packages/numpy/linalg/_linalg.py:2349: RuntimeWarning: invalid value encountered in slogdet
    sign, logdet = _umath_linalg.slogdet(a, signature=signature)

tests/statistics/test_inference.py::test_ols_fallback_uses_cluster_robust_t_reference
tests/statistics/test_inference.py::test_ols_fallback_uses_cluster_robust_t_reference
tests/statistics/test_inference.py::test_ols_fallback_on_degenerate_random_effect
tests/statistics/test_inference.py::test_ols_fallback_on_degenerate_random_effect
  /Users/jlwang/Desktop/organoid_analysis/.pixi/envs/default/lib/python3.12/site-packages/statsmodels/base/model.py:607: ConvergenceWarning: Maximum Likelihood optimization failed to converge. Check mle_retvals
    warnings.warn("Maximum Likelihood optimization failed to "

tests/statistics/test_inference.py::test_ols_fallback_uses_cluster_robust_t_reference
tests/statistics/test_inference.py::test_ols_fallback_uses_cluster_robust_t_reference
tests/statistics/test_inference.py::test_ols_fallback_on_degenerate_random_effect
tests/statistics/test_inference.py::test_ols_fallback_on_degenerate_random_effect
  /Users/jlwang/Desktop/organoid_analysis/.pixi/envs/default/lib/python3.12/site-packages/statsmodels/regression/mixed_linear_model.py:2206: ConvergenceWarning: MixedLM optimization failed, trying a different optimizer may help.
    warnings.warn(msg, ConvergenceWarning)

tests/statistics/test_inference.py::test_ols_fallback_uses_cluster_robust_t_reference
tests/statistics/test_inference.py::test_ols_fallback_uses_cluster_robust_t_reference
tests/statistics/test_inference.py::test_ols_fallback_on_degenerate_random_effect
tests/statistics/test_inference.py::test_ols_fallback_on_degenerate_random_effect
  /Users/jlwang/Desktop/organoid_analysis/.pixi/envs/default/lib/python3.12/site-packages/statsmodels/regression/mixed_linear_model.py:2218: ConvergenceWarning: Gradient optimization failed, |grad| = nan
    warnings.warn(msg, ConvergenceWarning)

tests/statistics/test_inference.py::test_ols_fallback_uses_cluster_robust_t_reference
tests/statistics/test_inference.py::test_ols_fallback_uses_cluster_robust_t_reference
tests/statistics/test_inference.py::test_ols_fallback_on_degenerate_random_effect
tests/statistics/test_inference.py::test_ols_fallback_on_degenerate_random_effect
  /Users/jlwang/Desktop/organoid_analysis/.pixi/envs/default/lib/python3.12/site-packages/statsmodels/regression/mixed_linear_model.py:2005: RuntimeWarning: divide by zero encountered in divide
    hess_fe -= fac * xtvix / rvir

tests/statistics/test_inference.py::test_ols_fallback_uses_cluster_robust_t_reference
tests/statistics/test_inference.py::test_ols_fallback_uses_cluster_robust_t_reference
tests/statistics/test_inference.py::test_ols_fallback_on_degenerate_random_effect
tests/statistics/test_inference.py::test_ols_fallback_on_degenerate_random_effect
  /Users/jlwang/Desktop/organoid_analysis/.pixi/envs/default/lib/python3.12/site-packages/statsmodels/regression/mixed_linear_model.py:2006: RuntimeWarning: invalid value encountered in divide
    hess_re = hess_re - 0.5 * fac * (D/rvir - np.outer(B, B) / rvir**2)

tests/statistics/test_inference.py::test_ols_fallback_uses_cluster_robust_t_reference
tests/statistics/test_inference.py::test_ols_fallback_uses_cluster_robust_t_reference
tests/statistics/test_inference.py::test_ols_fallback_on_degenerate_random_effect
tests/statistics/test_inference.py::test_ols_fallback_on_degenerate_random_effect
  /Users/jlwang/Desktop/organoid_analysis/.pixi/envs/default/lib/python3.12/site-packages/statsmodels/regression/mixed_linear_model.py:2007: RuntimeWarning: invalid value encountered in divide
    hess_fere = -fac * hess_fere / rvir

tests/statistics/test_inference.py::test_pipeline_writes_pairwise_contrasts_end_to_end
tests/statistics/test_inference.py::test_pipeline_writes_pairwise_contrasts_end_to_end
  /Users/jlwang/Desktop/organoid_analysis/.pixi/envs/default/lib/python3.12/site-packages/statsmodels/base/model.py:1894: ValueWarning: covariance of constraints does not have full rank. The number of constraints is 1, but rank is 0
    warnings.warn('covariance of constraints does not have full '

tests/statistics/test_statistical_contract_regressions.py::test_small_group_comparison_and_empty_cluster_abstain
  /Users/jlwang/Desktop/organoid_analysis/.pixi/envs/default/lib/python3.12/site-packages/scipy/stats/_morestats.py:3326: RuntimeWarning: invalid value encountered in divide
    W = numer / denom

tests/visualization/test_surface_coordinates.py::test_surface_preserves_asymmetric_zyx_locations_and_sparse_label[None]
tests/visualization/test_surface_coordinates.py::test_surface_preserves_asymmetric_zyx_locations_and_sparse_label[None]
tests/visualization/test_surface_coordinates.py::test_surface_preserves_asymmetric_zyx_locations_and_sparse_label[513]
tests/visualization/test_surface_coordinates.py::test_surface_preserves_asymmetric_zyx_locations_and_sparse_label[513]
tests/visualization/test_surface_coordinates.py::test_surface_preserves_asymmetric_zyx_locations_and_sparse_label[513]
tests/visualization/test_surface_coordinates.py::test_surface_preserves_asymmetric_zyx_locations_and_sparse_label[513]
tests/visualization/test_surface_coordinates.py::test_surface_preserves_asymmetric_zyx_locations_and_sparse_label[513]
tests/visualization/test_surface_coordinates.py::test_surface_preserves_asymmetric_zyx_locations_and_sparse_label[513]
  /Users/jlwang/Desktop/organoid_analysis/.pixi/envs/default/lib/python3.12/site-packages/vtkmodules/util/numpy_support.py:244: DeprecationWarning: Setting the shape on a NumPy array has been deprecated in NumPy 2.5.
  As an alternative, you can create a new view using np.reshape (with copy=False if needed).
    result.shape = shape

-- Docs: https://docs.pytest.org/en/stable/how-to/capture-warnings.html
=========================== short test summary info ============================
FAILED tests/test_scientific_validation_gate.py::test_gate_evidence_matches_the_current_production_estimator
FAILED tests/test_scientific_validation_gate.py::test_pass_without_evidence_is_rejected
==== 2 failed, 340 passed, 8 skipped, 8 deselected, 903 warnings in 28.93s =====
