✨ Pixi task (typecheck): mypy src/organoid_analysis
src/organoid_analysis/config.py:8: error: Library stubs not installed for "yaml"  [import-untyped]
src/organoid_analysis/config.py:84: error: Function is missing a type annotation  [no-untyped-def]
src/organoid_analysis/validation/segmentation_metrics.py:5: error: Library stubs not installed for "pandas"  [import-untyped]
src/organoid_analysis/validation/segmentation_metrics.py:6: error: Library stubs not installed for "scipy.optimize"  [import-untyped]
src/organoid_analysis/statistics/inference.py:21: error: Library stubs not installed for "pandas"  [import-untyped]
src/organoid_analysis/statistics/inference.py:21: note: Hint: "python3 -m pip install pandas-stubs"
src/organoid_analysis/statistics/inference.py:22: error: Library stubs not installed for "scipy.stats"  [import-untyped]
src/organoid_analysis/statistics/inference.py:22: note: Hint: "python3 -m pip install scipy-stubs"
src/organoid_analysis/statistics/inference.py:22: note: (or run "mypy --install-types" to install all missing stub packages)
src/organoid_analysis/statistics/inference.py:22: error: Library stubs not installed for "scipy"  [import-untyped]
src/organoid_analysis/statistics/inference.py:23: error: Skipping analyzing "statsmodels.formula.api": module is installed, but missing library stubs or py.typed marker  [import-untyped]
src/organoid_analysis/statistics/inference.py:23: note: See https://mypy.readthedocs.io/en/stable/running_mypy.html#missing-imports
src/organoid_analysis/statistics/inference.py:23: error: Skipping analyzing "statsmodels.formula": module is installed, but missing library stubs or py.typed marker  [import-untyped]
src/organoid_analysis/statistics/inference.py:23: error: Skipping analyzing "statsmodels": module is installed, but missing library stubs or py.typed marker  [import-untyped]
src/organoid_analysis/statistics/inference.py:24: error: Skipping analyzing "statsmodels.stats.multitest": module is installed, but missing library stubs or py.typed marker  [import-untyped]
src/organoid_analysis/statistics/inference.py:40: error: Function is missing a return type annotation  [no-untyped-def]
src/organoid_analysis/statistics/inference.py:75: error: Function is missing a type annotation for one or more parameters  [no-untyped-def]
src/organoid_analysis/quantification/multilevel_relationships/topology.py:5: error: Library stubs not installed for "pandas"  [import-untyped]
src/organoid_analysis/quantification/multilevel_relationships/spatial.py:5: error: Library stubs not installed for "pandas"  [import-untyped]
src/organoid_analysis/quantification/multilevel_relationships/spatial.py:6: error: Library stubs not installed for "scipy"  [import-untyped]
src/organoid_analysis/quantification/multilevel_relationships/spatial.py:47: error: Value of type "ndarray[tuple[Any, ...], dtype[Any]] | None" is not indexable  [index]
src/organoid_analysis/quantification/multilevel_relationships/qc.py:5: error: Library stubs not installed for "pandas"  [import-untyped]
src/organoid_analysis/quantification/multilevel_relationships/hierarchy.py:5: error: Library stubs not installed for "pandas"  [import-untyped]
src/organoid_analysis/phenotyping/viability.py:5: error: Library stubs not installed for "pandas"  [import-untyped]
src/organoid_analysis/phenotyping/viability.py:5: note: Hint: "python3 -m pip install pandas-stubs"
src/organoid_analysis/phenotyping/viability.py:5: note: (or run "mypy --install-types" to install all missing stub packages)
src/organoid_analysis/phenotyping/viability.py:5: note: See https://mypy.readthedocs.io/en/stable/running_mypy.html#missing-imports
src/organoid_analysis/statistics/aggregation.py:5: error: Library stubs not installed for "pandas"  [import-untyped]
src/organoid_analysis/statistics/exploration.py:20: error: Library stubs not installed for "pandas"  [import-untyped]
src/organoid_analysis/statistics/exploration.py:21: error: Library stubs not installed for "scipy"  [import-untyped]
src/organoid_analysis/statistics/exploration.py:54: error: Returning Any from function declared to return "str | None"  [no-any-return]
src/organoid_analysis/statistics/exploration.py:363: error: Function is missing a return type annotation  [no-untyped-def]
src/organoid_analysis/statistics/exploration.py:379: error: Skipping analyzing "sklearn.ensemble": module is installed, but missing library stubs or py.typed marker  [import-untyped]
src/organoid_analysis/statistics/exploration.py:380: error: Skipping analyzing "sklearn.impute": module is installed, but missing library stubs or py.typed marker  [import-untyped]
src/organoid_analysis/statistics/exploration.py:381: error: Skipping analyzing "sklearn.linear_model": module is installed, but missing library stubs or py.typed marker  [import-untyped]
src/organoid_analysis/statistics/exploration.py:382: error: Skipping analyzing "sklearn.metrics": module is installed, but missing library stubs or py.typed marker  [import-untyped]
src/organoid_analysis/statistics/exploration.py:383: error: Skipping analyzing "sklearn.model_selection": module is installed, but missing library stubs or py.typed marker  [import-untyped]
src/organoid_analysis/statistics/exploration.py:384: error: Skipping analyzing "sklearn.pipeline": module is installed, but missing library stubs or py.typed marker  [import-untyped]
src/organoid_analysis/statistics/exploration.py:385: error: Skipping analyzing "sklearn.preprocessing": module is installed, but missing library stubs or py.typed marker  [import-untyped]
src/organoid_analysis/statistics/exploration.py:540: error: Skipping analyzing "sklearn.cluster": module is installed, but missing library stubs or py.typed marker  [import-untyped]
src/organoid_analysis/statistics/exploration.py:600: error: Function is missing a type annotation  [no-untyped-def]
src/organoid_analysis/segmentation/watershed_instances.py:7: error: Library stubs not installed for "scipy"  [import-untyped]
src/organoid_analysis/segmentation/watershed_instances.py:47: error: Returning Any from function declared to return "ndarray[tuple[Any, ...], dtype[Any]]"  [no-any-return]
src/organoid_analysis/segmentation/watershed_instances.py:74: error: Returning Any from function declared to return "ndarray[tuple[Any, ...], dtype[Any]]"  [no-any-return]
src/organoid_analysis/segmentation/watershed_instances.py:106: error: Returning Any from function declared to return "ndarray[tuple[Any, ...], dtype[Any]]"  [no-any-return]
src/organoid_analysis/result_export/report.py:12: error: Library stubs not installed for "pandas"  [import-untyped]
src/organoid_analysis/result_export/report.py:16: error: Skipping analyzing "mpl_toolkits.mplot3d.art3d": module is installed, but missing library stubs or py.typed marker  [import-untyped]
src/organoid_analysis/result_export/report.py:17: error: Library stubs not installed for "scipy"  [import-untyped]
src/organoid_analysis/result_export/report.py:17: note: Hint: "python3 -m pip install scipy-stubs"
src/organoid_analysis/result_export/report.py:31: error: Function is missing a type annotation for one or more parameters  [no-untyped-def]
src/organoid_analysis/result_export/report.py:37: error: Function is missing a type annotation for one or more parameters  [no-untyped-def]
src/organoid_analysis/result_export/report.py:43: error: Returning Any from function declared to return "ndarray[tuple[Any, ...], dtype[Any]]"  [no-any-return]
src/organoid_analysis/result_export/report.py:46: error: Function is missing a type annotation  [no-untyped-def]
src/organoid_analysis/result_export/report.py:52: error: Function is missing a type annotation for one or more parameters  [no-untyped-def]
src/organoid_analysis/result_export/report.py:71: error: Argument "extent" to "imshow" of "Axes" has incompatible type "list[Any]"; expected "tuple[float, float, float, float] | None"  [arg-type]
src/organoid_analysis/result_export/report.py:74: error: Argument "extent" to "imshow" of "Axes" has incompatible type "list[Any]"; expected "tuple[float, float, float, float] | None"  [arg-type]
src/organoid_analysis/result_export/report.py:85: error: Incompatible types in assignment (expression has type "Generator[tuple[int, Any], None, None]", variable has type "enumerate[Any]")  [assignment]
src/organoid_analysis/result_export/report.py:107: error: Argument "extent" to "imshow" of "Axes" has incompatible type "list[Any]"; expected "tuple[float, float, float, float] | None"  [arg-type]
src/organoid_analysis/result_export/report.py:128: error: Function is missing a type annotation  [no-untyped-def]
src/organoid_analysis/result_export/report.py:138: error: Function is missing a type annotation for one or more parameters  [no-untyped-def]
src/organoid_analysis/result_export/report.py:185: error: Function is missing a type annotation for one or more parameters  [no-untyped-def]
src/organoid_analysis/web_interface/analysis_ui.py:11: error: Library stubs not installed for "pandas"  [import-untyped]
src/organoid_analysis/web_interface/analysis_ui.py:12: error: Library stubs not installed for "seaborn"  [import-untyped]
src/organoid_analysis/web_interface/analysis_ui.py:12: note: Hint: "python3 -m pip install types-seaborn"
src/organoid_analysis/web_interface/analysis_ui.py:57: error: Function is missing a type annotation for one or more parameters  [no-untyped-def]
src/organoid_analysis/segmentation/parameter_estimation.py:72: error: Item "TiffFrame" of "TiffPage | TiffFrame | None" has no attribute "tags"  [union-attr]
src/organoid_analysis/segmentation/parameter_estimation.py:72: error: Item "None" of "TiffPage | TiffFrame | None" has no attribute "tags"  [union-attr]
src/organoid_analysis/segmentation/parameter_estimation.py:84: error: Library stubs not installed for "scipy"  [import-untyped]
src/organoid_analysis/segmentation/parameter_estimation.py:100: error: Function is missing a type annotation for one or more parameters  [no-untyped-def]
src/organoid_analysis/segmentation/parameter_estimation.py:115: error: Skipping analyzing "cellpose": module is installed, but missing library stubs or py.typed marker  [import-untyped]
src/organoid_analysis/segmentation/parameter_estimation.py:167: error: Function is missing a return type annotation  [no-untyped-def]
src/organoid_analysis/segmentation/parameter_estimation.py:167: error: Function is missing a type annotation for one or more parameters  [no-untyped-def]
src/organoid_analysis/microscopy_io/zstack_reader.py:80: error: Item "TiffFrame" of "TiffPage | TiffFrame" has no attribute "tags"  [union-attr]
src/organoid_analysis/microscopy_io/tiff_contract.py:36: error: Library stubs not installed for "pandas"  [import-untyped]
src/organoid_analysis/microscopy_io/tiff_contract.py:36: note: Hint: "python3 -m pip install pandas-stubs"
src/organoid_analysis/microscopy_io/tiff_contract.py:36: note: (or run "mypy --install-types" to install all missing stub packages)
src/organoid_analysis/microscopy_io/tiff_contract.py:36: note: See https://mypy.readthedocs.io/en/stable/running_mypy.html#missing-imports
src/organoid_analysis/microscopy_io/tiff_contract.py:281: error: Returning Any from function declared to return "ndarray[tuple[Any, ...], dtype[Any]] | None"  [no-any-return]
src/organoid_analysis/visualization/capabilities.py:29: error: "vtkSmartVolumeMapper" has no attribute "GetGPUProjectionType"  [attr-defined]
src/organoid_analysis/result_export/measurement_tables.py:8: error: Library stubs not installed for "pandas"  [import-untyped]
src/organoid_analysis/result_export/measurement_tables.py:11: error: Function is missing a type annotation  [no-untyped-def]
src/organoid_analysis/quantification/features.py:7: error: Library stubs not installed for "scipy"  [import-untyped]
src/organoid_analysis/quantification/features.py:7: note: Hint: "python3 -m pip install scipy-stubs"
src/organoid_analysis/visualization/surface_rendering.py:125: error: Argument "window_size" to "Plotter" has incompatible type "tuple[int, int]"; expected "list[int] | None"  [arg-type]
src/organoid_analysis/visualization/surface_rendering.py:143: error: Missing positional argument "self" in call to "__call__" of "_Wrapped"  [call-arg]
src/organoid_analysis/visualization/surface_rendering.py:145: error: Incompatible return value type (got "pyvista_ndarray | None", expected "ndarray[tuple[Any, ...], dtype[Any]]")  [return-value]
src/organoid_analysis/visualization/volume_viewer/viewer_payload.py:400: error: Library stubs not installed for "scipy"  [import-untyped]
src/organoid_analysis/segmentation/cellpose_inference.py:178: error: Function is missing a return type annotation  [no-untyped-def]
src/organoid_analysis/segmentation/cellpose_inference.py:180: error: Skipping analyzing "cellpose": module is installed, but missing library stubs or py.typed marker  [import-untyped]
src/organoid_analysis/segmentation/cellpose_inference.py:196: error: Function is missing a type annotation for one or more parameters  [no-untyped-def]
src/organoid_analysis/segmentation/cellpose_inference.py:244: error: Library stubs not installed for "scipy"  [import-untyped]
src/organoid_analysis/segmentation/cellpose_inference.py:391: error: Function is missing a type annotation  [no-untyped-def]
src/organoid_analysis/workflows/organoid_measurement_workflow.py:13: error: Library stubs not installed for "pandas"  [import-untyped]
src/organoid_analysis/workflows/organoid_measurement_workflow.py:14: error: Library stubs not installed for "yaml"  [import-untyped]
src/organoid_analysis/workflows/organoid_measurement_workflow.py:14: note: Hint: "python3 -m pip install types-PyYAML"
src/organoid_analysis/workflows/organoid_measurement_workflow.py:73: error: Function is missing a type annotation for one or more parameters  [no-untyped-def]
src/organoid_analysis/workflows/organoid_measurement_workflow.py:149: error: Need type annotation for "rows" (hint: "rows: list[<type>] = ...")  [var-annotated]
src/organoid_analysis/workflows/organoid_measurement_workflow.py:150: error: Need type annotation for "validation_matches" (hint: "validation_matches: list[<type>] = ...")  [var-annotated]
src/organoid_analysis/workflows/organoid_measurement_workflow.py:209: error: Need type annotation for "stats_omnibus" (hint: "stats_omnibus: dict[<type>, <type>] = ...")  [var-annotated]
src/organoid_analysis/quantification/mask_features.py:36: error: Library stubs not installed for "pandas"  [import-untyped]
src/organoid_analysis/quantification/mask_features.py:36: note: Hint: "python3 -m pip install pandas-stubs"
src/organoid_analysis/quantification/mask_features.py:36: note: (or run "mypy --install-types" to install all missing stub packages)
src/organoid_analysis/quantification/mask_features.py:36: note: See https://mypy.readthedocs.io/en/stable/running_mypy.html#missing-imports
src/organoid_analysis/quantification/mask_features.py:115: error: Library stubs not installed for "scipy"  [import-untyped]
src/organoid_analysis/quantification/mask_features.py:115: note: Hint: "python3 -m pip install scipy-stubs"
src/organoid_analysis/quantification/cellular_measurements.py:8: error: Library stubs not installed for "pandas"  [import-untyped]
src/organoid_analysis/quantification/cellular_measurements.py:9: error: Library stubs not installed for "scipy"  [import-untyped]
src/organoid_analysis/quantification/cellular_measurements.py:10: error: Library stubs not installed for "scipy.sparse"  [import-untyped]
src/organoid_analysis/quantification/cellular_measurements.py:11: error: Library stubs not installed for "scipy.sparse.csgraph"  [import-untyped]
src/organoid_analysis/quantification/cellular_measurements.py:12: error: Library stubs not installed for "scipy.spatial"  [import-untyped]
src/organoid_analysis/quantification/multilevel_relationships/morphology.py:5: error: Library stubs not installed for "pandas"  [import-untyped]
src/organoid_analysis/quantification/multilevel_relationships/morphology.py:6: error: Library stubs not installed for "scipy"  [import-untyped]
src/organoid_analysis/visualization/volume_viewer/__init__.py:50: error: Function is missing a return type annotation  [no-untyped-def]
src/organoid_analysis/visualization/volume_viewer/__init__.py:50: error: Function is missing a type annotation for one or more parameters  [no-untyped-def]
src/organoid_analysis/visualization/volume_viewer/__init__.py:99: error: Argument "render_mode" to "build_viewer_payload" has incompatible type "str"; expected "Literal['volume', 'mip', 'surface']"  [arg-type]
src/organoid_analysis/workflows/demo_workflow.py:8: error: Library stubs not installed for "pandas"  [import-untyped]
src/organoid_analysis/workflows/demo_workflow.py:10: error: Library stubs not installed for "yaml"  [import-untyped]
src/organoid_analysis/workflows/demo_workflow.py:11: error: Library stubs not installed for "scipy"  [import-untyped]
src/organoid_analysis/result_export/mask_feature_bundle.py:12: error: Library stubs not installed for "pandas"  [import-untyped]
src/organoid_analysis/workflows/multilevel_measurement_workflow.py:8: error: Library stubs not installed for "pandas"  [import-untyped]
src/organoid_analysis/web_interface/demo_app.py:20: error: Function is missing a type annotation for one or more parameters  [no-untyped-def]
src/organoid_analysis/web_interface/demo_app.py:35: error: Returning Any from function declared to return "ndarray[tuple[Any, ...], dtype[Any]]"  [no-any-return]
src/organoid_analysis/web_interface/segmentation_workspace.py:83: error: Function is missing a return type annotation  [no-untyped-def]
src/organoid_analysis/web_interface/segmentation_workspace.py:195: error: Library stubs not installed for "scipy"  [import-untyped]
src/organoid_analysis/web_interface/multilevel_results.py:9: error: Library stubs not installed for "pandas"  [import-untyped]
src/organoid_analysis/command_line/organoid_commands.py:13: error: Function is missing a type annotation for one or more parameters  [no-untyped-def]
src/organoid_analysis/command_line/organoid_commands.py:82: error: Function is missing a type annotation for one or more parameters  [no-untyped-def]
src/organoid_analysis/command_line/organoid_commands.py:159: error: Function is missing a type annotation for one or more parameters  [no-untyped-def]
Found 110 errors in 34 files (checked 58 source files)
