FF                                                                       [100%]
=================================== FAILURES ===================================
________ test_mask_feature_sparse_ids_are_compacted_before_regionprops _________

monkeypatch = <_pytest.monkeypatch.MonkeyPatch object at 0x16b8cf680>

    def test_mask_feature_sparse_ids_are_compacted_before_regionprops(monkeypatch):
        from skimage import measure
    
        from organoid_analysis.quantification.mask_features import extract_mask_features
        original = measure.regionprops
    
        def bounded_regionprops(labels, **kwargs):
            # Prevent the pre-fix implementation allocating billions of boxes.
            assert int(labels.max()) <= 2
            return original(labels, **kwargs)
    
        monkeypatch.setattr(measure, 'regionprops', bounded_regionprops)
        mask = np.zeros((8, 8, 8), np.uint32)
        mask[1:3, 1:3, 1:3] = 7
        mask[4:6, 4:6, 4:6] = np.iinfo(np.uint32).max
>       result = extract_mask_features(mask, spacing_um=(2, 3, 4))
                 ^^^^^^^^^^^^^^^^^^^^^^^^^^^^^^^^^^^^^^^^^^^^^^^^^

tests/quantification/test_audit_contracts.py:51: 
_ _ _ _ _ _ _ _ _ _ _ _ _ _ _ _ _ _ _ _ _ _ _ _ _ _ _ _ _ _ _ _ _ _ _ _ _ _ _ _ 
src/organoid_analysis/quantification/mask_features.py:101: in extract_mask_features
    props = measure.regionprops(labels, spacing=spacing_zyx)
            ^^^^^^^^^^^^^^^^^^^^^^^^^^^^^^^^^^^^^^^^^^^^^^^^
_ _ _ _ _ _ _ _ _ _ _ _ _ _ _ _ _ _ _ _ _ _ _ _ _ _ _ _ _ _ _ _ _ _ _ _ _ _ _ _ 

labels = array([[[         0,          0,          0,          0,          0,
                  0,          0,          0],
   ...       0,          0,          0,          0,          0,
                  0,          0,          0]]], dtype=uint32)
kwargs = {'spacing': (4.0, 3.0, 2.0)}

    def bounded_regionprops(labels, **kwargs):
        # Prevent the pre-fix implementation allocating billions of boxes.
>       assert int(labels.max()) <= 2
E       assert 4294967295 <= 2
E        +  where 4294967295 = int(np.uint32(4294967295))
E        +    where np.uint32(4294967295) = <built-in method max of numpy.ndarray object at 0x16db35170>()
E        +      where <built-in method max of numpy.ndarray object at 0x16db35170> = array([[[         0,          0,          0,          0,          0,\n                  0,          0,          0],\n   ...       0,          0,          0,          0,          0,\n                  0,          0,          0]]], dtype=uint32).max

tests/quantification/test_audit_contracts.py:44: AssertionError
_________________ test_boolean_mask_contract_and_empty_summary _________________

    def test_boolean_mask_contract_and_empty_summary():
        from organoid_analysis.quantification.mask_features import extract_mask_features, summarize_mask
        mask = np.zeros((5, 5, 5), bool)
        mask[1:4, 1:4, 1:4] = True
>       assert extract_mask_features(mask).volume_um3.tolist() == [27.]
               ^^^^^^^^^^^^^^^^^^^^^^^^^^^

tests/quantification/test_audit_contracts.py:60: 
_ _ _ _ _ _ _ _ _ _ _ _ _ _ _ _ _ _ _ _ _ _ _ _ _ _ _ _ _ _ _ _ _ _ _ _ _ _ _ _ 
src/organoid_analysis/quantification/mask_features.py:101: in extract_mask_features
    props = measure.regionprops(labels, spacing=spacing_zyx)
            ^^^^^^^^^^^^^^^^^^^^^^^^^^^^^^^^^^^^^^^^^^^^^^^^
_ _ _ _ _ _ _ _ _ _ _ _ _ _ _ _ _ _ _ _ _ _ _ _ _ _ _ _ _ _ _ _ _ _ _ _ _ _ _ _ 

label_image = array([[[False, False, False, False, False],
        [False, False, False, False, False],
        [False, False, False...alse, False, False, False],
        [False, False, False, False, False],
        [False, False, False, False, False]]])
intensity_image = None, cache = True, extra_properties = None
spacing = (1.0, 1.0, 1.0), offset = None

    def regionprops(
        label_image,
        intensity_image=None,
        cache=True,
        *,
        extra_properties=None,
        spacing=None,
        offset=None,
    ):
        r"""Measure properties of labeled image regions.
    
        Region properties are evaluated on demand and come in diverse types. If
        you want to do tabular data analysis of specific properties, consider
        using :func:`skimage.measure.regionprops_table` instead.
    
        Parameters
        ----------
        label_image : (M, N[, P]) ndarray
            Label image. Labels with value 0 are ignored.
    
            .. versionchanged:: 0.14.1
                Previously, ``label_image`` was processed by ``numpy.squeeze`` and
                so any number of singleton dimensions was allowed. This resulted in
                inconsistent handling of images with singleton dimensions. To
                recover the old behaviour, use
                ``regionprops(np.squeeze(label_image), ...)``.
        intensity_image : (M, N[, P][, C]) ndarray, optional
            Intensity (input) image of same shape as label image, plus
            optionally an extra dimension for multichannel data. Currently,
            this extra channel dimension, if present, must be the last axis.
            Default is None.
    
            .. versionchanged:: 0.18.0
                The ability to provide an extra dimension for channels was added.
        cache : bool, optional
            Determine whether to cache calculated properties. The computation is
            much faster for cached properties, whereas the memory consumption
            increases.
        extra_properties : iterable of callables
            Add extra property computation functions that are not included with
            skimage. The name of the property is derived from the function name
            and its dtype is inferred by calling the function on a small sample.
            If the name of an extra property clashes with the name of an existing
            property, the extra property will not be visible and a UserWarning will be
            issued. A property computation function must take `label_image` as its
            first argument. If the property requires an intensity image, it must
            accept `intensity_image` as the second argument.
        spacing : tuple of float, shape (ndim,)
            The pixel spacing along each axis of the image.
        offset : array-like of int, shape `(label_image.ndim,)`, optional
            Coordinates of the origin ("top-left" corner) of the label image.
            Normally this is ([0, ]0, 0), but it might be different if one wants
            to obtain regionprops of subvolumes within a larger volume.
    
        Returns
        -------
        properties : list of RegionProperties
            Each item of the list corresponds to one labeled image region,
            and can be accessed using the attributes listed below.
    
        Notes
        -----
        The following properties can be accessed as attributes or keys:
    
        **area** : float
            Area of the region, i.e., number of pixels of the region scaled by
            pixel area (as determined by `spacing`).
        **area_bbox** : float
            Area of the bounding box, i.e., number of pixels of the region's
            bounding box scaled by pixel area (as determined by `spacing`).
        **area_convex** : float
            Area of the convex hull image, which is the smallest convex
            polygon that encloses the region.
        **area_filled** : float
            Area of the region with all the holes filled in.
        **axis_major_length** : float
            The length of the major axis of the ellipse that has the same
            normalized second central moments as the region.
        **axis_minor_length** : float
            The length of the minor axis of the ellipse that has the same
            normalized second central moments as the region.
        **bbox** : tuple
            Bounding box ``(min_row, min_col, max_row, max_col)``.
            Pixels belonging to the bounding box are in the half-open interval
            ``[min_row; max_row)`` and ``[min_col; max_col)``.
        **centroid** : array
            Centroid coordinate tuple ``(row, col)``.
        **centroid_local** : array
            Centroid coordinate tuple ``(row, col)``, relative to region bounding
            box.
        **centroid_weighted** : array
            Centroid coordinate tuple ``(row, col)`` weighted with intensity
            image.
        **centroid_weighted_local** : array
            Centroid coordinate tuple ``(row, col)``, relative to region bounding
            box, weighted with intensity image.
        **coords_scaled** : (K, 2) ndarray
            Coordinate list ``(row, col)`` of the region scaled by `spacing`.
        **coords** : (K, 2) ndarray
            Coordinate list ``(row, col)`` of the region.
        **eccentricity** : float
            Eccentricity of the ellipse that has the same second moments as the
            region. The eccentricity is the ratio of the focal distance
            (distance between focal points) over the major axis length.
            The value is in the interval [0, 1).
            When it is 0, the ellipse becomes a circle.
        **equivalent_diameter_area** : float
            The diameter of a circle with the same area as the region.
        **euler_number** : int
            Euler characteristic of the set of non-zero pixels.
            Computed as number of connected components subtracted by number of
            holes (input.ndim connectivity). In 3D, number of connected
            components plus number of holes subtracted by number of tunnels.
        **extent** : float
            Ratio of pixels in the region to pixels in the total bounding box.
            Computed as ``area / (rows * cols)``.
        **feret_diameter_max** : float
            Maximum Feret's diameter computed as the longest distance between
            points around a region's convex hull contour as determined by
            ``find_contours`` [5]_.
        **image** : (H, J) ndarray
            Binary region image sliced by the bounding box.
        **image_convex** : (H, J) ndarray
            Binary convex hull image sliced by bounding box.
        **image_filled** : (H, J) ndarray
            Binary region image with filled holes sliced by bounding box.
        **image_intensity** : (H, J) ndarray
            Intensity image sliced by bounding box.
        **inertia_tensor** : ndarray
            Inertia tensor of the region for the rotation around its mass.
        **inertia_tensor_eigvals** : tuple
            The eigenvalues of the inertia tensor in decreasing order.
        **intensity_max** : float
            Value of greatest intensity in the region.
        **intensity_mean** : float
            Average of intensity values in the region.
        **intensity_median** : float
            Value of median intensity in the region.
        **intensity_min** : float
            Value of lowest intensity in the region.
        **intensity_std** : float
            Standard deviation of intensity values in the region.
        **label** : int
            The region's label in the input label image.
        **moments** : (3, 3) ndarray
            Spatial moments up to 3rd order::
    
               m_ij = sum{ array(row, col) * row^i * col^j }
    
            where the sum is over the ``row, col`` coordinates of the region.
        **moments_central** : (3, 3) ndarray
            Central moments (translation invariant) up to 3rd order::
    
               mu_ij = sum{ array(row, col) * (row - row_c)^i * (col - col_c)^j }
    
            where the sum is over the ``row, col`` coordinates of the region,
            and ``row_c`` and ``col_c`` are the coordinates of the region's centroid.
        **moments_hu** : tuple
            Hu moments (translation, scale and rotation invariant).
        **moments_normalized** : (3, 3) ndarray
            Normalized moments (translation and scale invariant) up to 3rd order::
    
                nu_ij = mu_ij / m_00^[(i+j)/2 + 1]
    
            where ``m_00`` is the zeroth spatial moment.
        **moments_weighted** : (3, 3) array
            Spatial moments of intensity image up to 3rd order::
    
                wm_ij = sum{ array(row, col) * row^i * col^j }
    
            where the sum is over the ``row, col`` coordinates of the region.
        **moments_weighted_central** : (3, 3) ndarray
            Central moments (translation invariant) of intensity image up to
            3rd order::
    
                wmu_ij = sum{ array(row, col) * (row - row_c)^i * (col - col_c)^j }
    
            where the sum is over the ``row, col`` coordinates of the region,
            and ``row_c`` and ``col_c`` are the coordinates of the region's weighted
            centroid.
        **moments_weighted_hu** : tuple
            Hu moments (translation, scale and rotation invariant) of intensity
            image.
        **moments_weighted_normalized** : (3, 3) ndarray
            Normalized moments (translation and scale invariant) of intensity
            image up to 3rd order::
    
                wnu_ij = wmu_ij / wm_00^[(i+j)/2 + 1]
    
            where ``wm_00`` is the zero-th spatial moment (intensity-weighted area).
        **num_pixels** : int
            Number of foreground pixels.
        **orientation** : float
            Angle between the 0th axis (rows) and the major
            axis of the ellipse that has the same second moments as the region,
            ranging from :math:`-\pi/2` to :math:`\pi/2` counter-clockwise.
        **perimeter** : float
            Perimeter of the region which approximates the contour as a line
            through the centers of border pixels using a 4-connectivity.
        **perimeter_crofton** : float
            Perimeter of the region approximated by the Crofton formula in 4
            directions.
        **slice** : tuple of slices
            A slice to extract the region from the input image.
        **solidity** : float
            Ratio of pixels in the region to pixels of the convex hull image.
    
        `properties` also supports iteration, so that you can do::
    
          for region in properties:
              print(region, properties[region])
    
        See Also
        --------
        label
    
        References
        ----------
        .. [1] Wilhelm Burger, Mark Burge. Principles of Digital Image Processing:
               Core Algorithms. Springer-Verlag, London, 2009.
        .. [2] B. Jähne. Digital Image Processing. Springer-Verlag,
               Berlin-Heidelberg, 6. edition, 2005.
        .. [3] T. H. Reiss. Recognizing Planar Objects Using Invariant Image
               Features, from Lecture notes in computer science, p. 676. Springer,
               Berlin, 1993.
        .. [4] https://en.wikipedia.org/wiki/Image_moment
        .. [5] W. Pabst, E. Gregorová. Characterization of particles and particle
               systems, pp. 27-28. ICT Prague, 2007.
               https://old.vscht.cz/sil/keramika/Characterization_of_particles/CPPS%20_English%20version_.pdf
    
        Examples
        --------
        >>> import skimage as ski
        >>> img = ski.util.img_as_ubyte(ski.data.coins()) > 110
        >>> label_img = ski.measure.label(img, connectivity=img.ndim)
        >>> props = ski.measure.regionprops(label_img)
        >>> # centroid of first labeled region
        >>> props[0].centroid
        (22.72987986048314, 81.91228523446583)
        >>> # centroid of first labeled region
        >>> props[0]['centroid']
        (22.72987986048314, 81.91228523446583)
    
        Add custom measurements by passing functions as ``extra_properties``:
    
        >>> import numpy as np
        >>> import skimage as ski
        >>> img = ski.util.img_as_ubyte(ski.data.coins()) > 110
        >>> label_img = ski.measure.label(img, connectivity=img.ndim)
        >>> def pixelcount(regionmask):
        ...     return np.sum(regionmask)
        >>> props = ski.measure.regionprops(label_img, extra_properties=(pixelcount,))
        >>> # pixelcount of first labeled region
        >>> props[0].pixelcount
        7741
        >>> # pixelcount of first labeled region
        >>> props[1]['pixelcount']
        42
    
        """
    
        if label_image.ndim not in (2, 3):
            raise TypeError('Only 2-D and 3-D images supported.')
    
        if not np.issubdtype(label_image.dtype, np.integer):
            if np.issubdtype(label_image.dtype, bool):
>               raise TypeError(
                    'Non-integer image types are ambiguous: '
                    'use skimage.measure.label to label the connected '
                    'components of label_image, '
                    'or label_image.astype(np.uint8) to interpret '
                    'the True values as a single label.'
                )
E               TypeError: Non-integer image types are ambiguous: use skimage.measure.label to label the connected components of label_image, or label_image.astype(np.uint8) to interpret the True values as a single label.

.pixi/envs/default/lib/python3.12/site-packages/skimage/measure/_regionprops.py:1429: TypeError
=========================== short test summary info ============================
FAILED tests/quantification/test_audit_contracts.py::test_mask_feature_sparse_ids_are_compacted_before_regionprops
FAILED tests/quantification/test_audit_contracts.py::test_boolean_mask_contract_and_empty_summary
2 failed, 10 deselected in 0.89s
