✨ Pixi task (test-render): python -m pytest -v -m render
============================= test session starts ==============================
platform darwin -- Python 3.12.14, pytest-9.1.1, pluggy-1.6.0
rootdir: /Users/jlwang/Desktop/organoid_analysis
configfile: pyproject.toml
testpaths: tests
plugins: cov-7.1.0, anyio-4.14.2
collected 312 items / 304 deselected / 8 selected

tests/visualization/test_3d_preview.py ......Fatal Python error: Segmentation fault

Current thread 0x00000001f24ca180 (most recent call first):
  File "/Users/jlwang/Desktop/organoid_analysis/.pixi/envs/default/lib/python3.12/site-packages/pyvista/plotting/plotter.py", line 2239 in render
  File "/Users/jlwang/Desktop/organoid_analysis/.pixi/envs/default/lib/python3.12/site-packages/pyvista/plotting/plotter.py", line 6602 in screenshot
  File "/Users/jlwang/Desktop/organoid_analysis/.pixi/envs/default/lib/python3.12/site-packages/pyvista/_deprecate_positional_args.py", line 243 in inner_f
  File "/Users/jlwang/Desktop/organoid_analysis/src/organoid_analysis/visualization/surface_rendering.py", line 144 in render_surface_image
  File "/Users/jlwang/Desktop/organoid_analysis/tests/visualization/test_3d_preview.py", line 308 in test_surface_sphere_has_faces
  File "/Users/jlwang/Desktop/organoid_analysis/.pixi/envs/default/lib/python3.12/unittest/case.py", line 589 in _callTestMethod
  File "/Users/jlwang/Desktop/organoid_analysis/.pixi/envs/default/lib/python3.12/unittest/case.py", line 634 in run
  File "/Users/jlwang/Desktop/organoid_analysis/.pixi/envs/default/lib/python3.12/unittest/case.py", line 690 in __call__
  File "/Users/jlwang/Desktop/organoid_analysis/.pixi/envs/default/lib/python3.12/site-packages/_pytest/unittest.py", line 410 in runtest
  File "/Users/jlwang/Desktop/organoid_analysis/.pixi/envs/default/lib/python3.12/site-packages/_pytest/runner.py", line 184 in pytest_runtest_call
  File "/Users/jlwang/Desktop/organoid_analysis/.pixi/envs/default/lib/python3.12/site-packages/pluggy/_callers.py", line 121 in _multicall
  File "/Users/jlwang/Desktop/organoid_analysis/.pixi/envs/default/lib/python3.12/site-packages/pluggy/_manager.py", line 120 in _hookexec
  File "/Users/jlwang/Desktop/organoid_analysis/.pixi/envs/default/lib/python3.12/site-packages/pluggy/_hooks.py", line 512 in __call__
  File "/Users/jlwang/Desktop/organoid_analysis/.pixi/envs/default/lib/python3.12/site-packages/_pytest/runner.py", line 250 in <lambda>
  File "/Users/jlwang/Desktop/organoid_analysis/.pixi/envs/default/lib/python3.12/site-packages/_pytest/runner.py", line 361 in from_call
  File "/Users/jlwang/Desktop/organoid_analysis/.pixi/envs/default/lib/python3.12/site-packages/_pytest/runner.py", line 249 in call_and_report
  File "/Users/jlwang/Desktop/organoid_analysis/.pixi/envs/default/lib/python3.12/site-packages/_pytest/runner.py", line 139 in runtestprotocol
  File "/Users/jlwang/Desktop/organoid_analysis/.pixi/envs/default/lib/python3.12/site-packages/_pytest/runner.py", line 118 in pytest_runtest_protocol
  File "/Users/jlwang/Desktop/organoid_analysis/.pixi/envs/default/lib/python3.12/site-packages/pluggy/_callers.py", line 121 in _multicall
  File "/Users/jlwang/Desktop/organoid_analysis/.pixi/envs/default/lib/python3.12/site-packages/pluggy/_manager.py", line 120 in _hookexec
  File "/Users/jlwang/Desktop/organoid_analysis/.pixi/envs/default/lib/python3.12/site-packages/pluggy/_hooks.py", line 512 in __call__
  File "/Users/jlwang/Desktop/organoid_analysis/.pixi/envs/default/lib/python3.12/site-packages/_pytest/main.py", line 408 in pytest_runtestloop
  File "/Users/jlwang/Desktop/organoid_analysis/.pixi/envs/default/lib/python3.12/site-packages/pluggy/_callers.py", line 121 in _multicall
  File "/Users/jlwang/Desktop/organoid_analysis/.pixi/envs/default/lib/python3.12/site-packages/pluggy/_manager.py", line 120 in _hookexec
  File "/Users/jlwang/Desktop/organoid_analysis/.pixi/envs/default/lib/python3.12/site-packages/pluggy/_hooks.py", line 512 in __call__
  File "/Users/jlwang/Desktop/organoid_analysis/.pixi/envs/default/lib/python3.12/site-packages/_pytest/main.py", line 384 in _main
  File "/Users/jlwang/Desktop/organoid_analysis/.pixi/envs/default/lib/python3.12/site-packages/_pytest/main.py", line 330 in wrap_session
  File "/Users/jlwang/Desktop/organoid_analysis/.pixi/envs/default/lib/python3.12/site-packages/_pytest/main.py", line 377 in pytest_cmdline_main
  File "/Users/jlwang/Desktop/organoid_analysis/.pixi/envs/default/lib/python3.12/site-packages/pluggy/_callers.py", line 121 in _multicall
  File "/Users/jlwang/Desktop/organoid_analysis/.pixi/envs/default/lib/python3.12/site-packages/pluggy/_manager.py", line 120 in _hookexec
  File "/Users/jlwang/Desktop/organoid_analysis/.pixi/envs/default/lib/python3.12/site-packages/pluggy/_hooks.py", line 512 in __call__
  File "/Users/jlwang/Desktop/organoid_analysis/.pixi/envs/default/lib/python3.12/site-packages/_pytest/config/__init__.py", line 229 in _main
  File "/Users/jlwang/Desktop/organoid_analysis/.pixi/envs/default/lib/python3.12/site-packages/_pytest/config/__init__.py", line 253 in _console_main
  File "/Users/jlwang/Desktop/organoid_analysis/.pixi/envs/default/lib/python3.12/site-packages/pytest/__main__.py", line 9 in <module>
  File "<frozen runpy>", line 88 in _run_code
  File "<frozen runpy>", line 198 in _run_module_as_main

Extension modules: numpy._core._multiarray_umath, numpy.linalg._umath_linalg, pyarrow.lib, numpy.random._common, numpy.random.bit_generator, numpy.random._bounded_integers, numpy.random._pcg64, numpy.random._generator, numpy.random._mt19937, numpy.random._philox, numpy.random._sfc64, numpy.random.mtrand, pandas._libs.tslibs.ccalendar, pandas._libs.tslibs.np_datetime, pandas._libs.tslibs.dtypes, pandas._libs.tslibs.base, pandas._libs.tslibs.nattype, pandas._libs.tslibs.timezones, pandas._libs.tslibs.fields, pandas._libs.tslibs.timedeltas, pandas._libs.tslibs.tzconversion, pandas._libs.tslibs.timestamps, pandas._libs.properties, pandas._libs.tslibs.offsets, pandas._libs.tslibs.strptime, pandas._libs.tslibs.parsing, pandas._libs.tslibs.conversion, pandas._libs.tslibs.period, pandas._libs.tslibs.vectorized, pandas._libs.ops_dispatch, pandas._libs.missing, pandas._libs.hashtable, pandas._libs.algos, pandas._libs.interval, pandas._libs.lib, pyarrow._compute, pandas._libs.ops, pandas._libs.hashing, pandas._libs.arrays, pandas._libs.tslib, pandas._libs.sparse, pandas._libs.internals, pandas._libs.indexing, pandas._libs.index, pandas._libs.writers, pandas._libs.join, pandas._libs.window.aggregations, pandas._libs.window.indexers, pandas._libs.reshape, pandas._libs.groupby, pandas._libs.json, pandas._libs.parsers, pandas._libs.testing, yaml._yaml, _cyutility, scipy._cyutility, scipy._lib._ccallback_c, scipy.ndimage._nd_image, scipy.ndimage._rank_filter_1d, scipy.special._ufuncs_cxx, scipy.special._ellip_harm_2, scipy.special._special_ufuncs, scipy.special._gufuncs, scipy.special._ufuncs, scipy.special._specfun, scipy.special._comb, _ni_label, scipy.ndimage._ni_label, scipy.sparse._sparsetools, _csparsetools, scipy.sparse._csparsetools, scipy.linalg._fblas, scipy.linalg._flapack, scipy.linalg.cython_lapack, scipy.linalg._cythonized_array_utils, scipy.linalg._solve_toeplitz, scipy.linalg._batched_linalg, scipy.linalg._decomp_lu_cython, scipy.linalg._matfuncs_schur_sqrtm, scipy.linalg._matfuncs_expm, scipy.linalg._linalg_pythran, scipy.linalg.cython_blas, scipy.linalg._decomp_update, scipy.sparse.linalg._dsolve._superlu, scipy.sparse.linalg._eigen.arpack._arpacklib, scipy.sparse.linalg._propack, scipy.sparse.csgraph._tools, scipy.sparse.csgraph._shortest_path, scipy.sparse.csgraph._traversal, scipy.sparse.csgraph._min_spanning_tree, scipy.sparse.csgraph._flow, scipy.sparse.csgraph._matching, scipy.sparse.csgraph._reordering, scipy.spatial._ckdtree, scipy._lib.messagestream, scipy.spatial._qhull, scipy.spatial._voronoi, scipy.spatial._hausdorff, scipy.spatial._distance_wrap, scipy.spatial.transform._rotation_cy, scipy.spatial.transform._rigid_transform_cy, skimage.measure._marching_cubes_lewiner_cy, skimage.filters._multiotsu, skimage.morphology._misc_cy, skimage.measure._ccomp, _skeletonize_lee_cy, skimage.morphology._skeletonize_lee_cy, skimage.morphology._skeletonize_various_cy, skimage._shared.geometry, skimage.measure._pnpoly, skimage.morphology._convex_hull, skimage.morphology._grayreconstruct, skimage.morphology._extrema_cy, skimage.morphology._flood_fill_cy, skimage.morphology._max_tree, skimage.segmentation._watershed_cy, scipy.optimize._group_columns, scipy.optimize._trlib._trlib, scipy.optimize._lbfgsb, _moduleTNC, scipy.optimize._moduleTNC, scipy.optimize._slsqplib, scipy.optimize._minpack, scipy.optimize._lsq.givens_elimination, scipy.optimize._zeros, scipy._lib._uarray._uarray, scipy.linalg._decomp_interpolative, scipy.optimize._bglu_dense, scipy.optimize._lsap, scipy.optimize._direct, scipy.integrate._odepack, scipy.integrate._quadpack, scipy.integrate._vode, scipy.integrate._dop, scipy.interpolate._fitpack, scipy.interpolate._dfitpack, scipy.interpolate._dierckx, scipy.interpolate._ppoly, scipy.interpolate._interpnd, scipy.interpolate._rbfinterp_pythran, scipy.interpolate._rgi_cython, scipy.special.cython_special, scipy.stats._stats, scipy.stats._biasedurn, scipy.stats._stats_pythran, scipy.stats._levy_stable.levyst, scipy.stats._ansari_swilk_statistics, scipy.stats._sobol, scipy.stats._qmc_cy, scipy.stats._rcont.rcont, scipy.stats._qmvnt_cy, statsmodels.robust._qn, PIL._imaging, kiwisolver._cext, vtkmodules.vtkCommonCore, vtkmodules.vtkCommonMath, vtkmodules.vtkCommonTransforms, vtkmodules.vtkCommonSystem, vtkmodules.vtkParallelCore, vtkmodules.vtkCommonDataModel, librt.internal, mypy, mypy.strconv, mypy.options, mypy.defaults, mypy.cache, mypy.errorcodes, mypy.util, psutil._psutil_osx, mypy.visitor, mypy.modules_state, mypy.nodes, mypy.errors, mypy.error_formatter, mypy.scope, mypy.types, mypy.state, mypy.type_visitor, mypy.expandtype, mypy.typevartuples, mypy.lookup, mypy.message_registry, mypy.plugin, vtkmodules.vtkCommonExecutionModel, vtkmodules.vtkFiltersSources, vtkmodules.vtkImagingSources, google._upb._message, vtkmodules.vtkCommonMisc, vtkmodules.vtkFiltersCore, vtkmodules.vtkRenderingCore, vtkmodules.vtkRenderingFreeType, vtkmodules.vtkRenderingMatplotlib, vtkmodules.vtkCommonColor, vtkmodules.vtkRenderingContext2D, vtkmodules.vtkFiltersGeneral, vtkmodules.vtkChartsCore, vtkmodules.vtkPythonContext2D, vtkmodules.vtkFiltersPython, vtkmodules.vtkRenderingVolume, vtkmodules.vtkImagingCore, vtkmodules.vtkImagingMath, vtkmodules.vtkIOCore, vtkmodules.vtkIOImage, vtkmodules.vtkRenderingHyperTreeGrid, vtkmodules.vtkRenderingUI, vtkmodules.vtkRenderingOpenGL2, vtkmodules.vtkRenderingVolumeOpenGL2, vtkmodules.vtkRenderingAnnotation, vtkmodules.vtkInteractionStyle, vtkmodules.vtkInteractionWidgets, vtkmodules.vtkViewsCore, vtkmodules.vtkViewsContext2D (total: 212)
