........................................                                 [100%]
=============================== warnings summary ===============================
tests/statistics/test_exploration.py::ClusteringTests::test_cluster_feature_importance
  /Users/jlwang/Desktop/organoid_analysis/.pixi/envs/default/lib/python3.12/site-packages/joblib/externals/loky/backend/context.py:131: UserWarning: Could not find the number of physical cores for the following reason:
  invalid literal for int() with base 10: ''
  Returning the number of logical cores instead. You can silence this warning by setting LOKY_MAX_CPU_COUNT to the number of cores you want to use.
    warnings.warn(

tests/statistics/test_inference.py: 13 warnings
  /Users/jlwang/Desktop/organoid_analysis/.pixi/envs/default/lib/python3.12/site-packages/statsmodels/regression/mixed_linear_model.py:2237: ConvergenceWarning: The MLE may be on the boundary of the parameter space.
    warnings.warn(msg, ConvergenceWarning)

tests/statistics/test_inference.py::test_real_effect_is_significant_and_null_feature_is_not
tests/statistics/test_inference.py::test_real_effect_is_significant_and_null_feature_is_not
tests/statistics/test_inference.py::test_bh_fdr_padj_never_below_raw_p
tests/statistics/test_inference.py::test_pairwise_output_is_self_describing_and_scale_correct
tests/statistics/test_inference.py::test_raw_scale_feature_reports_no_geometric_mean_ratio
tests/statistics/test_inference.py::test_condition_with_too_few_replicates_is_excluded
tests/statistics/test_inference.py::test_pipeline_writes_pairwise_contrasts_end_to_end
tests/statistics/test_inference.py::test_pipeline_writes_pairwise_contrasts_end_to_end
  /Users/jlwang/Desktop/organoid_analysis/.pixi/envs/default/lib/python3.12/site-packages/statsmodels/base/model.py:1912: FutureWarning: The behavior of wald_test will change after 0.14 to returning scalar test statistic values. To get the future behavior now, set scalar to True. To silence this message while retaining the legacy behavior, set scalar to False.
    warnings.warn(

tests/statistics/test_inference.py::test_real_effect_is_significant_and_null_feature_is_not
tests/statistics/test_inference.py::test_pairwise_output_is_self_describing_and_scale_correct
tests/statistics/test_inference.py::test_raw_scale_feature_reports_no_geometric_mean_ratio
tests/statistics/test_inference.py::test_condition_with_too_few_replicates_is_excluded
tests/statistics/test_inference.py::test_pipeline_writes_pairwise_contrasts_end_to_end
tests/statistics/test_inference.py::test_pipeline_writes_pairwise_contrasts_end_to_end
  /Users/jlwang/Desktop/organoid_analysis/.pixi/envs/default/lib/python3.12/site-packages/statsmodels/regression/mixed_linear_model.py:2261: ConvergenceWarning: The Hessian matrix at the estimated parameter values is not positive definite.
    warnings.warn(msg, ConvergenceWarning)

tests/statistics/test_inference.py::test_ols_fallback_uses_cluster_robust_t_reference
tests/statistics/test_inference.py::test_ols_fallback_uses_cluster_robust_t_reference
tests/statistics/test_inference.py::test_ols_fallback_on_degenerate_random_effect
tests/statistics/test_inference.py::test_ols_fallback_on_degenerate_random_effect
  /Users/jlwang/Desktop/organoid_analysis/.pixi/envs/default/lib/python3.12/site-packages/statsmodels/regression/mixed_linear_model.py:1556: RuntimeWarning: divide by zero encountered in log
    likeval -= (self.n_totobs - self.k_fe) * np.log(qf) / 2.

tests/statistics/test_inference.py::test_ols_fallback_uses_cluster_robust_t_reference
tests/statistics/test_inference.py::test_ols_fallback_uses_cluster_robust_t_reference
tests/statistics/test_inference.py::test_ols_fallback_on_degenerate_random_effect
tests/statistics/test_inference.py::test_ols_fallback_on_degenerate_random_effect
  /Users/jlwang/Desktop/organoid_analysis/.pixi/envs/default/lib/python3.12/site-packages/statsmodels/regression/mixed_linear_model.py:1796: RuntimeWarning: invalid value encountered in divide
    score_re += 0.5 * fac * rvavr[0:self.k_re2] / rvir

tests/statistics/test_inference.py::test_ols_fallback_uses_cluster_robust_t_reference
tests/statistics/test_inference.py::test_ols_fallback_on_degenerate_random_effect
  /Users/jlwang/Desktop/organoid_analysis/.pixi/envs/default/lib/python3.12/site-packages/numpy/linalg/_linalg.py:2349: RuntimeWarning: invalid value encountered in slogdet
    sign, logdet = _umath_linalg.slogdet(a, signature=signature)

tests/statistics/test_inference.py::test_ols_fallback_uses_cluster_robust_t_reference
tests/statistics/test_inference.py::test_ols_fallback_uses_cluster_robust_t_reference
tests/statistics/test_inference.py::test_ols_fallback_on_degenerate_random_effect
tests/statistics/test_inference.py::test_ols_fallback_on_degenerate_random_effect
  /Users/jlwang/Desktop/organoid_analysis/.pixi/envs/default/lib/python3.12/site-packages/statsmodels/base/model.py:607: ConvergenceWarning: Maximum Likelihood optimization failed to converge. Check mle_retvals
    warnings.warn("Maximum Likelihood optimization failed to "

tests/statistics/test_inference.py::test_ols_fallback_uses_cluster_robust_t_reference
tests/statistics/test_inference.py::test_ols_fallback_uses_cluster_robust_t_reference
tests/statistics/test_inference.py::test_ols_fallback_on_degenerate_random_effect
tests/statistics/test_inference.py::test_ols_fallback_on_degenerate_random_effect
  /Users/jlwang/Desktop/organoid_analysis/.pixi/envs/default/lib/python3.12/site-packages/statsmodels/regression/mixed_linear_model.py:2206: ConvergenceWarning: MixedLM optimization failed, trying a different optimizer may help.
    warnings.warn(msg, ConvergenceWarning)

tests/statistics/test_inference.py::test_ols_fallback_uses_cluster_robust_t_reference
tests/statistics/test_inference.py::test_ols_fallback_uses_cluster_robust_t_reference
tests/statistics/test_inference.py::test_ols_fallback_on_degenerate_random_effect
tests/statistics/test_inference.py::test_ols_fallback_on_degenerate_random_effect
  /Users/jlwang/Desktop/organoid_analysis/.pixi/envs/default/lib/python3.12/site-packages/statsmodels/regression/mixed_linear_model.py:2218: ConvergenceWarning: Gradient optimization failed, |grad| = nan
    warnings.warn(msg, ConvergenceWarning)

tests/statistics/test_inference.py::test_ols_fallback_uses_cluster_robust_t_reference
tests/statistics/test_inference.py::test_ols_fallback_uses_cluster_robust_t_reference
tests/statistics/test_inference.py::test_ols_fallback_on_degenerate_random_effect
tests/statistics/test_inference.py::test_ols_fallback_on_degenerate_random_effect
  /Users/jlwang/Desktop/organoid_analysis/.pixi/envs/default/lib/python3.12/site-packages/statsmodels/regression/mixed_linear_model.py:2005: RuntimeWarning: divide by zero encountered in divide
    hess_fe -= fac * xtvix / rvir

tests/statistics/test_inference.py::test_ols_fallback_uses_cluster_robust_t_reference
tests/statistics/test_inference.py::test_ols_fallback_uses_cluster_robust_t_reference
tests/statistics/test_inference.py::test_ols_fallback_on_degenerate_random_effect
tests/statistics/test_inference.py::test_ols_fallback_on_degenerate_random_effect
  /Users/jlwang/Desktop/organoid_analysis/.pixi/envs/default/lib/python3.12/site-packages/statsmodels/regression/mixed_linear_model.py:2006: RuntimeWarning: invalid value encountered in divide
    hess_re = hess_re - 0.5 * fac * (D/rvir - np.outer(B, B) / rvir**2)

tests/statistics/test_inference.py::test_ols_fallback_uses_cluster_robust_t_reference
tests/statistics/test_inference.py::test_ols_fallback_uses_cluster_robust_t_reference
tests/statistics/test_inference.py::test_ols_fallback_on_degenerate_random_effect
tests/statistics/test_inference.py::test_ols_fallback_on_degenerate_random_effect
  /Users/jlwang/Desktop/organoid_analysis/.pixi/envs/default/lib/python3.12/site-packages/statsmodels/regression/mixed_linear_model.py:2007: RuntimeWarning: invalid value encountered in divide
    hess_fere = -fac * hess_fere / rvir

tests/statistics/test_inference.py::test_pipeline_writes_pairwise_contrasts_end_to_end
tests/statistics/test_inference.py::test_pipeline_writes_pairwise_contrasts_end_to_end
tests/statistics/test_inference.py::test_pipeline_writes_pairwise_contrasts_end_to_end
tests/statistics/test_inference.py::test_pipeline_writes_pairwise_contrasts_end_to_end
tests/statistics/test_inference.py::test_pipeline_writes_pairwise_contrasts_end_to_end
tests/statistics/test_inference.py::test_pipeline_writes_pairwise_contrasts_end_to_end
tests/statistics/test_inference.py::test_pipeline_skips_stats_cleanly_when_disabled
  /Users/jlwang/Desktop/organoid_analysis/.pixi/envs/default/lib/python3.12/site-packages/tifffile/tifffile.py:4656: DeprecationWarning: Setting the shape on a NumPy array has been deprecated in NumPy 2.5.
  As an alternative, you can create a new view using np.reshape (with copy=False if needed).
    result.shape = shape

tests/statistics/test_inference.py::test_pipeline_writes_pairwise_contrasts_end_to_end
tests/statistics/test_inference.py::test_pipeline_writes_pairwise_contrasts_end_to_end
tests/statistics/test_inference.py::test_pipeline_writes_pairwise_contrasts_end_to_end
tests/statistics/test_inference.py::test_pipeline_writes_pairwise_contrasts_end_to_end
tests/statistics/test_inference.py::test_pipeline_writes_pairwise_contrasts_end_to_end
tests/statistics/test_inference.py::test_pipeline_writes_pairwise_contrasts_end_to_end
tests/statistics/test_inference.py::test_pipeline_skips_stats_cleanly_when_disabled
  /Users/jlwang/Desktop/organoid_analysis/.pixi/envs/default/lib/python3.12/site-packages/skimage/morphology/grayreconstruct.py:216: DeprecationWarning: Setting the shape on a NumPy array has been deprecated in NumPy 2.5.
  As an alternative, you can create a new view using np.reshape (with copy=False if needed).
    rec_img.shape = np.array(seed.shape) + (np.array(footprint.shape) - 1)

tests/statistics/test_inference.py: 48 warnings
  /Users/jlwang/Desktop/organoid_analysis/.pixi/envs/default/lib/python3.12/site-packages/skimage/measure/_marching_cubes_lewiner.py:237: DeprecationWarning: Setting the shape on a NumPy array has been deprecated in NumPy 2.5.
  As an alternative, you can create a new view using np.reshape (with copy=False if needed).
    ar.shape = shape

tests/statistics/test_inference.py: 14 warnings
  /Users/jlwang/Desktop/organoid_analysis/.pixi/envs/default/lib/python3.12/site-packages/skimage/measure/_marching_cubes_lewiner.py:213: DeprecationWarning: Setting the shape on a NumPy array has been deprecated in NumPy 2.5.
  As an alternative, you can create a new view using np.reshape (with copy=False if needed).
    faces.shape = -1, 3

tests/statistics/test_inference.py::test_pipeline_writes_pairwise_contrasts_end_to_end
tests/statistics/test_inference.py::test_pipeline_writes_pairwise_contrasts_end_to_end
  /Users/jlwang/Desktop/organoid_analysis/.pixi/envs/default/lib/python3.12/site-packages/statsmodels/base/model.py:1894: ValueWarning: covariance of constraints does not have full rank. The number of constraints is 1, but rank is 0
    warnings.warn('covariance of constraints does not have full '

tests/statistics/test_statistical_contract_regressions.py::test_small_group_comparison_and_empty_cluster_abstain
  /Users/jlwang/Desktop/organoid_analysis/.pixi/envs/default/lib/python3.12/site-packages/scipy/stats/_morestats.py:3326: RuntimeWarning: invalid value encountered in divide
    W = numer / denom

-- Docs: https://docs.pytest.org/en/stable/how-to/capture-warnings.html
40 passed, 141 warnings in 27.77s
