src/organoid_analysis/config.py:8: error: Library stubs not installed for "yaml"  [import-untyped]
src/organoid_analysis/config.py:84: error: Function is missing a type annotation  [no-untyped-def]
src/organoid_analysis/validation/segmentation_metrics.py:5: error: Library stubs not installed for "pandas"  [import-untyped]
src/organoid_analysis/validation/segmentation_metrics.py:6: error: Library stubs not installed for "scipy.optimize"  [import-untyped]
src/organoid_analysis/statistics/inference.py:21: error: Library stubs not installed for "pandas"  [import-untyped]
src/organoid_analysis/statistics/inference.py:22: error: Library stubs not installed for "scipy.stats"  [import-untyped]
src/organoid_analysis/statistics/inference.py:22: error: Library stubs not installed for "scipy"  [import-untyped]
src/organoid_analysis/statistics/inference.py:23: error: Skipping analyzing "statsmodels.formula.api": module is installed, but missing library stubs or py.typed marker  [import-untyped]
src/organoid_analysis/statistics/inference.py:23: error: Skipping analyzing "statsmodels.formula": module is installed, but missing library stubs or py.typed marker  [import-untyped]
src/organoid_analysis/statistics/inference.py:23: error: Skipping analyzing "statsmodels": module is installed, but missing library stubs or py.typed marker  [import-untyped]
src/organoid_analysis/statistics/inference.py:24: error: Skipping analyzing "statsmodels.stats.multitest": module is installed, but missing library stubs or py.typed marker  [import-untyped]
src/organoid_analysis/statistics/inference.py:40: error: Function is missing a return type annotation  [no-untyped-def]
src/organoid_analysis/statistics/inference.py:75: error: Function is missing a type annotation for one or more parameters  [no-untyped-def]
src/organoid_analysis/quantification/multilevel_relationships/topology.py:5: error: Library stubs not installed for "pandas"  [import-untyped]
src/organoid_analysis/quantification/multilevel_relationships/spatial.py:5: error: Library stubs not installed for "pandas"  [import-untyped]
src/organoid_analysis/quantification/multilevel_relationships/spatial.py:6: error: Library stubs not installed for "scipy"  [import-untyped]
src/organoid_analysis/quantification/multilevel_relationships/spatial.py:47: error: Value of type "ndarray[tuple[Any, ...], dtype[Any]] | None" is not indexable  [index]
src/organoid_analysis/quantification/multilevel_relationships/qc.py:5: error: Library stubs not installed for "pandas"  [import-untyped]
src/organoid_analysis/quantification/multilevel_relationships/hierarchy.py:5: error: Library stubs not installed for "pandas"  [import-untyped]
src/organoid_analysis/phenotyping/viability.py:5: error: Library stubs not installed for "pandas"  [import-untyped]
src/organoid_analysis/phenotyping/viability.py:24: error: Function is missing a type annotation for one or more parameters  [no-untyped-def]
src/organoid_analysis/phenotyping/viability.py:33: error: No overload variant of "update" of "MutableMapping" matches argument types "str", "str", "str", "int", "int", "int", "int"  [call-overload]
src/organoid_analysis/phenotyping/viability.py:33: note: Possible overload variants:
src/organoid_analysis/phenotyping/viability.py:33: note:     def update(self, SupportsKeysAndGetItem[str, float], /) -> None
src/organoid_analysis/phenotyping/viability.py:33: note:     def update(self, SupportsKeysAndGetItem[str, float], /, **kwargs: float) -> None
src/organoid_analysis/phenotyping/viability.py:33: note:     def update(self, Iterable[tuple[str, float]], /) -> None
src/organoid_analysis/phenotyping/viability.py:33: note:     def update(self, Iterable[tuple[str, float]], /, **kwargs: float) -> None
src/organoid_analysis/phenotyping/viability.py:33: note:     def update(self, **kwargs: float) -> None
src/organoid_analysis/phenotyping/viability.py:42: error: Incompatible types in assignment (expression has type "str", target has type "float")  [assignment]
src/organoid_analysis/phenotyping/viability.py:54: error: Incompatible types in assignment (expression has type "str", target has type "float")  [assignment]
src/organoid_analysis/phenotyping/viability.py:66: error: Incompatible types in assignment (expression has type "str", target has type "float")  [assignment]
src/organoid_analysis/phenotyping/viability.py:82: error: Incompatible types in assignment (expression has type "str", target has type "float")  [assignment]
src/organoid_analysis/phenotyping/viability.py:83: error: Incompatible types in assignment (expression has type "str", target has type "float")  [assignment]
src/organoid_analysis/statistics/aggregation.py:5: error: Library stubs not installed for "pandas"  [import-untyped]
src/organoid_analysis/statistics/aggregation.py:22: error: Incompatible types in assignment (expression has type "float", target has type "int")  [assignment]
src/organoid_analysis/statistics/aggregation.py:23: error: Incompatible types in assignment (expression has type "float", target has type "int")  [assignment]
src/organoid_analysis/statistics/aggregation.py:26: error: Incompatible types in assignment (expression has type "float", target has type "int")  [assignment]
src/organoid_analysis/statistics/exploration.py:20: error: Library stubs not installed for "pandas"  [import-untyped]
src/organoid_analysis/statistics/exploration.py:21: error: Library stubs not installed for "scipy"  [import-untyped]
src/organoid_analysis/statistics/exploration.py:54: error: Returning Any from function declared to return "str | None"  [no-any-return]
src/organoid_analysis/statistics/exploration.py:342: error: Function is missing a return type annotation  [no-untyped-def]
src/organoid_analysis/statistics/exploration.py:358: error: Skipping analyzing "sklearn.ensemble": module is installed, but missing library stubs or py.typed marker  [import-untyped]
src/organoid_analysis/statistics/exploration.py:359: error: Skipping analyzing "sklearn.linear_model": module is installed, but missing library stubs or py.typed marker  [import-untyped]
src/organoid_analysis/statistics/exploration.py:360: error: Skipping analyzing "sklearn.metrics": module is installed, but missing library stubs or py.typed marker  [import-untyped]
src/organoid_analysis/statistics/exploration.py:361: error: Skipping analyzing "sklearn.model_selection": module is installed, but missing library stubs or py.typed marker  [import-untyped]
src/organoid_analysis/statistics/exploration.py:362: error: Skipping analyzing "sklearn.preprocessing": module is installed, but missing library stubs or py.typed marker  [import-untyped]
src/organoid_analysis/statistics/exploration.py:503: error: Skipping analyzing "sklearn.cluster": module is installed, but missing library stubs or py.typed marker  [import-untyped]
src/organoid_analysis/statistics/exploration.py:563: error: Function is missing a type annotation  [no-untyped-def]
src/organoid_analysis/segmentation/watershed_instances.py:7: error: Library stubs not installed for "scipy"  [import-untyped]
src/organoid_analysis/segmentation/watershed_instances.py:47: error: Returning Any from function declared to return "ndarray[tuple[Any, ...], dtype[Any]]"  [no-any-return]
src/organoid_analysis/segmentation/watershed_instances.py:74: error: Returning Any from function declared to return "ndarray[tuple[Any, ...], dtype[Any]]"  [no-any-return]
src/organoid_analysis/segmentation/watershed_instances.py:106: error: Returning Any from function declared to return "ndarray[tuple[Any, ...], dtype[Any]]"  [no-any-return]
src/organoid_analysis/segmentation/watershed_instances.py:120: error: Incompatible types in assignment (expression has type "ndarray[Any, Any]", variable has type "tuple[Any, ...]")  [assignment]
src/organoid_analysis/segmentation/watershed_instances.py:121: error: "tuple[Any, ...]" has no attribute "shape"  [attr-defined]
src/organoid_analysis/segmentation/watershed_instances.py:121: error: Unsupported operand types for <= ("tuple[Any, ...]" and "int")  [operator]
src/organoid_analysis/quantification/features.py:7: error: Library stubs not installed for "scipy"  [import-untyped]
src/organoid_analysis/quantification/features.py:33: error: Returning Any from function declared to return "ndarray[tuple[Any, ...], dtype[Any]]"  [no-any-return]
src/organoid_analysis/quantification/features.py:36: error: Function is missing a type annotation for one or more parameters  [no-untyped-def]
src/organoid_analysis/quantification/features.py:47: error: Function is missing a type annotation for one or more parameters  [no-untyped-def]
src/organoid_analysis/quantification/features.py:57: error: Incompatible types in assignment (expression has type "ndarray[Any, Any]", variable has type "tuple[Any, ...]")  [assignment]
src/organoid_analysis/quantification/features.py:58: error: "tuple[Any, ...]" has no attribute "shape"  [attr-defined]
src/organoid_analysis/quantification/features.py:58: error: Unsupported operand types for <= ("tuple[Any, ...]" and "int")  [operator]
src/organoid_analysis/quantification/features.py:72: error: Unsupported operand types for ** ("tuple[Any, ...]" and "int")  [operator]
src/organoid_analysis/quantification/features.py:111: error: No overload variant of "update" of "MutableMapping" matches argument types "int", "bool", "str"  [call-overload]
src/organoid_analysis/quantification/features.py:111: note: Possible overload variants:
src/organoid_analysis/quantification/features.py:111: note:     def update(self, SupportsKeysAndGetItem[str, float], /) -> None
src/organoid_analysis/quantification/features.py:111: note:     def update(self, SupportsKeysAndGetItem[str, float], /, **kwargs: float) -> None
src/organoid_analysis/quantification/features.py:111: note:     def update(self, Iterable[tuple[str, float]], /) -> None
src/organoid_analysis/quantification/features.py:111: note:     def update(self, Iterable[tuple[str, float]], /, **kwargs: float) -> None
src/organoid_analysis/quantification/features.py:111: note:     def update(self, **kwargs: float) -> None
src/organoid_analysis/quantification/features.py:153: error: Incompatible types in assignment (expression has type "str", target has type "float")  [assignment]
src/organoid_analysis/quantification/features.py:157: error: Function is missing a type annotation for one or more parameters  [no-untyped-def]
src/organoid_analysis/quantification/features.py:159: error: Need type annotation for "preview_meshes" (hint: "preview_meshes: list[<type>] = ...")  [var-annotated]
src/organoid_analysis/quantification/cellular_measurements.py:7: error: Library stubs not installed for "pandas"  [import-untyped]
src/organoid_analysis/quantification/cellular_measurements.py:8: error: Library stubs not installed for "scipy"  [import-untyped]
src/organoid_analysis/quantification/cellular_measurements.py:9: error: Library stubs not installed for "scipy.sparse"  [import-untyped]
src/organoid_analysis/quantification/cellular_measurements.py:10: error: Library stubs not installed for "scipy.sparse.csgraph"  [import-untyped]
src/organoid_analysis/quantification/cellular_measurements.py:11: error: Library stubs not installed for "scipy.spatial"  [import-untyped]
src/organoid_analysis/quantification/cellular_measurements.py:184: error: Incompatible types in assignment (expression has type "str", target has type "float")  [assignment]
src/organoid_analysis/quantification/cellular_measurements.py:186: error: Incompatible types in assignment (expression has type "str", target has type "float")  [assignment]
src/organoid_analysis/quantification/cellular_measurements.py:188: error: Incompatible types in assignment (expression has type "str", target has type "float")  [assignment]
src/organoid_analysis/quantification/cellular_measurements.py:190: error: Incompatible types in assignment (expression has type "str", target has type "float")  [assignment]
src/organoid_analysis/quantification/cellular_measurements.py:241: error: Incompatible types in assignment (expression has type "None", variable has type "dict[Any, Any]")  [assignment]
src/organoid_analysis/quantification/cellular_measurements.py:245: error: Incompatible types in assignment (expression has type "None", variable has type "dict[Any, Any]")  [assignment]
src/organoid_analysis/quantification/cellular_measurements.py:263: error: Incompatible types in assignment (expression has type "dict[Any, Any] | None", variable has type "dict[Any, Any]")  [assignment]
src/organoid_analysis/quantification/cellular_measurements.py:297: error: Incompatible types in assignment (expression has type "int", variable has type "bool")  [assignment]
src/organoid_analysis/quantification/cellular_measurements.py:434: error: Argument 4 to "pair_and_filter_cells" has incompatible type "**dict[str, float]"; expected "bool"  [arg-type]
src/organoid_analysis/quantification/multilevel_relationships/morphology.py:5: error: Library stubs not installed for "pandas"  [import-untyped]
src/organoid_analysis/quantification/multilevel_relationships/morphology.py:6: error: Library stubs not installed for "scipy"  [import-untyped]
src/organoid_analysis/quantification/multilevel_relationships/morphology.py:6: note: Hint: "python3 -m pip install scipy-stubs"
src/organoid_analysis/result_export/report.py:12: error: Library stubs not installed for "pandas"  [import-untyped]
src/organoid_analysis/result_export/report.py:16: error: Skipping analyzing "mpl_toolkits.mplot3d.art3d": module is installed, but missing library stubs or py.typed marker  [import-untyped]
src/organoid_analysis/result_export/report.py:17: error: Library stubs not installed for "scipy"  [import-untyped]
src/organoid_analysis/result_export/report.py:31: error: Function is missing a type annotation for one or more parameters  [no-untyped-def]
src/organoid_analysis/result_export/report.py:37: error: Function is missing a type annotation for one or more parameters  [no-untyped-def]
src/organoid_analysis/result_export/report.py:43: error: Returning Any from function declared to return "ndarray[tuple[Any, ...], dtype[Any]]"  [no-any-return]
src/organoid_analysis/result_export/report.py:46: error: Function is missing a type annotation  [no-untyped-def]
src/organoid_analysis/result_export/report.py:52: error: Function is missing a type annotation for one or more parameters  [no-untyped-def]
src/organoid_analysis/result_export/report.py:71: error: Argument "extent" to "imshow" of "Axes" has incompatible type "list[Any]"; expected "tuple[float, float, float, float] | None"  [arg-type]
src/organoid_analysis/result_export/report.py:74: error: Argument "extent" to "imshow" of "Axes" has incompatible type "list[Any]"; expected "tuple[float, float, float, float] | None"  [arg-type]
src/organoid_analysis/result_export/report.py:85: error: Incompatible types in assignment (expression has type "Generator[tuple[int, Any], None, None]", variable has type "enumerate[Any]")  [assignment]
src/organoid_analysis/result_export/report.py:107: error: Argument "extent" to "imshow" of "Axes" has incompatible type "list[Any]"; expected "tuple[float, float, float, float] | None"  [arg-type]
src/organoid_analysis/result_export/report.py:128: error: Function is missing a type annotation  [no-untyped-def]
src/organoid_analysis/result_export/report.py:138: error: Function is missing a type annotation for one or more parameters  [no-untyped-def]
src/organoid_analysis/result_export/report.py:185: error: Function is missing a type annotation for one or more parameters  [no-untyped-def]
src/organoid_analysis/web_interface/analysis_ui.py:11: error: Library stubs not installed for "pandas"  [import-untyped]
src/organoid_analysis/web_interface/analysis_ui.py:12: error: Library stubs not installed for "seaborn"  [import-untyped]
src/organoid_analysis/web_interface/analysis_ui.py:12: note: Hint: "python3 -m pip install types-seaborn"
src/organoid_analysis/web_interface/analysis_ui.py:57: error: Function is missing a type annotation for one or more parameters  [no-untyped-def]
src/organoid_analysis/workflows/multilevel_measurement_workflow.py:8: error: Library stubs not installed for "pandas"  [import-untyped]
src/organoid_analysis/microscopy_io/metadata.py:299: error: Incompatible return value type (got "dict[str, int | None]", expected "dict[str, int]")  [return-value]
src/organoid_analysis/segmentation/parameter_estimation.py:72: error: Item "TiffFrame" of "TiffPage | TiffFrame | None" has no attribute "tags"  [union-attr]
src/organoid_analysis/segmentation/parameter_estimation.py:72: error: Item "None" of "TiffPage | TiffFrame | None" has no attribute "tags"  [union-attr]
src/organoid_analysis/segmentation/parameter_estimation.py:84: error: Library stubs not installed for "scipy"  [import-untyped]
src/organoid_analysis/segmentation/parameter_estimation.py:100: error: Function is missing a type annotation for one or more parameters  [no-untyped-def]
src/organoid_analysis/segmentation/parameter_estimation.py:115: error: Skipping analyzing "cellpose": module is installed, but missing library stubs or py.typed marker  [import-untyped]
src/organoid_analysis/segmentation/parameter_estimation.py:167: error: Function is missing a return type annotation  [no-untyped-def]
src/organoid_analysis/segmentation/parameter_estimation.py:167: error: Function is missing a type annotation for one or more parameters  [no-untyped-def]
src/organoid_analysis/microscopy_io/zstack_reader.py:80: error: Item "TiffFrame" of "TiffPage | TiffFrame" has no attribute "tags"  [union-attr]
src/organoid_analysis/microscopy_io/tiff_contract.py:36: error: Library stubs not installed for "pandas"  [import-untyped]
src/organoid_analysis/microscopy_io/tiff_contract.py:36: note: Hint: "python3 -m pip install pandas-stubs"
src/organoid_analysis/microscopy_io/tiff_contract.py:36: note: (or run "mypy --install-types" to install all missing stub packages)
src/organoid_analysis/microscopy_io/tiff_contract.py:36: note: See https://mypy.readthedocs.io/en/stable/running_mypy.html#missing-imports
src/organoid_analysis/microscopy_io/tiff_contract.py:150: error: Incompatible types in assignment (expression has type "ndarray[tuple[int], dtype[Any]]", variable has type "list[float]")  [assignment]
src/organoid_analysis/microscopy_io/tiff_contract.py:151: error: Unsupported operand types for <= ("list[float]" and "int")  [operator]
src/organoid_analysis/microscopy_io/tiff_contract.py:158: error: Argument 1 to "float" has incompatible type "str | None"; expected "str | Buffer | SupportsFloat | SupportsIndex"  [arg-type]
src/organoid_analysis/microscopy_io/tiff_contract.py:206: error: Need type annotation for "channel_sources" (hint: "channel_sources: dict[<type>, <type>] = ...")  [var-annotated]
src/organoid_analysis/microscopy_io/tiff_contract.py:242: error: Argument 6 to "Sample" has incompatible type "tuple[float | Any, ...]"; expected "tuple[float, float, float]"  [arg-type]
src/organoid_analysis/microscopy_io/tiff_contract.py:268: error: Returning Any from function declared to return "ndarray[tuple[Any, ...], dtype[Any]] | None"  [no-any-return]
src/organoid_analysis/visualization/capabilities.py:29: error: "vtkSmartVolumeMapper" has no attribute "GetGPUProjectionType"  [attr-defined]
src/organoid_analysis/visualization/_stpv.py:26: error: Skipping analyzing "stpyvista": module is installed, but missing library stubs or py.typed marker  [import-untyped]
src/organoid_analysis/visualization/_stpv.py:47: error: Function is missing a type annotation  [no-untyped-def]
src/organoid_analysis/visualization/_stpv.py:77: error: Argument "window_size" to "Plotter" has incompatible type "tuple[int, int]"; expected "list[int] | None"  [arg-type]
src/organoid_analysis/visualization/_stpv.py:92: error: Missing positional argument "self" in call to "__call__" of "_Wrapped"  [call-arg]
src/organoid_analysis/visualization/_stpv.py:100: error: Function is missing a return type annotation  [no-untyped-def]
src/organoid_analysis/visualization/_stpv.py:106: error: Function is missing a return type annotation  [no-untyped-def]
src/organoid_analysis/workflows/organoid_measurement_workflow.py:13: error: Library stubs not installed for "pandas"  [import-untyped]
src/organoid_analysis/workflows/organoid_measurement_workflow.py:14: error: Library stubs not installed for "yaml"  [import-untyped]
src/organoid_analysis/workflows/organoid_measurement_workflow.py:91: error: Function is missing a type annotation for one or more parameters  [no-untyped-def]
src/organoid_analysis/workflows/organoid_measurement_workflow.py:152: error: Need type annotation for "provenance"  [var-annotated]
src/organoid_analysis/workflows/organoid_measurement_workflow.py:161: error: Item "dict[str, str]" of "list[Any] | dict[str, str] | dict[Any, Any] | str | None" has no attribute "append"  [union-attr]
src/organoid_analysis/workflows/organoid_measurement_workflow.py:161: error: Item "dict[Any, Any]" of "list[Any] | dict[str, str] | dict[Any, Any] | str | None" has no attribute "append"  [union-attr]
src/organoid_analysis/workflows/organoid_measurement_workflow.py:161: error: Item "str" of "list[Any] | dict[str, str] | dict[Any, Any] | str | None" has no attribute "append"  [union-attr]
src/organoid_analysis/workflows/organoid_measurement_workflow.py:161: error: Item "None" of "list[Any] | dict[str, str] | dict[Any, Any] | str | None" has no attribute "append"  [union-attr]
src/organoid_analysis/workflows/organoid_measurement_workflow.py:162: error: Need type annotation for "rows" (hint: "rows: list[<type>] = ...")  [var-annotated]
src/organoid_analysis/workflows/organoid_measurement_workflow.py:163: error: Need type annotation for "validation_matches" (hint: "validation_matches: list[<type>] = ...")  [var-annotated]
src/organoid_analysis/workflows/organoid_measurement_workflow.py:188: error: Unsupported target for indexed assignment ("list[Any] | dict[str, str] | dict[Any, Any] | str | None")  [index]
src/organoid_analysis/workflows/organoid_measurement_workflow.py:188: error: Incompatible types in assignment (expression has type "dict[Any, Any]", target has type "str")  [assignment]
src/organoid_analysis/workflows/organoid_measurement_workflow.py:222: error: Need type annotation for "stats_omnibus" (hint: "stats_omnibus: dict[<type>, <type>] = ...")  [var-annotated]
src/organoid_analysis/workflows/organoid_measurement_workflow.py:234: error: No overload variant of "update" of "MutableMapping" matches argument types "str", "list[dict[str, Any]]", "str", "float", "int", "int", "int", "int", "int"  [call-overload]
src/organoid_analysis/workflows/organoid_measurement_workflow.py:234: note: Possible overload variants:
src/organoid_analysis/workflows/organoid_measurement_workflow.py:234: note:     def update(self, SupportsKeysAndGetItem[str, list[Any] | dict[str, str] | dict[Any, Any] | str | None], /) -> None
src/organoid_analysis/workflows/organoid_measurement_workflow.py:234: note:     def update(self, SupportsKeysAndGetItem[str, list[Any] | dict[str, str] | dict[Any, Any] | str | None], /, **kwargs: list[Any] | dict[str, str] | dict[Any, Any] | str | None) -> None
src/organoid_analysis/workflows/organoid_measurement_workflow.py:234: note:     def update(self, Iterable[tuple[str, list[Any] | dict[str, str] | dict[Any, Any] | str | None]], /) -> None
src/organoid_analysis/workflows/organoid_measurement_workflow.py:234: note:     def update(self, Iterable[tuple[str, list[Any] | dict[str, str] | dict[Any, Any] | str | None]], /, **kwargs: list[Any] | dict[str, str] | dict[Any, Any] | str | None) -> None
src/organoid_analysis/workflows/organoid_measurement_workflow.py:234: note:     def update(self, **kwargs: list[Any] | dict[str, str] | dict[Any, Any] | str | None) -> None
src/organoid_analysis/result_export/measurement_tables.py:8: error: Library stubs not installed for "pandas"  [import-untyped]
src/organoid_analysis/result_export/measurement_tables.py:11: error: Function is missing a type annotation  [no-untyped-def]
src/organoid_analysis/result_export/measurement_tables.py:51: error: Argument 2 to "write_labels" has incompatible type "object"; expected "ndarray[tuple[Any, ...], dtype[Any]]"  [arg-type]
src/organoid_analysis/visualization/surface_rendering.py:124: error: Argument "window_size" to "Plotter" has incompatible type "tuple[int, int]"; expected "list[int] | None"  [arg-type]
src/organoid_analysis/visualization/surface_rendering.py:142: error: Missing positional argument "self" in call to "__call__" of "_Wrapped"  [call-arg]
src/organoid_analysis/visualization/surface_rendering.py:144: error: Incompatible return value type (got "pyvista_ndarray | None", expected "ndarray[tuple[Any, ...], dtype[Any]]")  [return-value]
src/organoid_analysis/visualization/volume_viewer/viewer_payload.py:301: error: Incompatible types in assignment (expression has type "None", variable has type "ndarray[tuple[Any, ...], dtype[Any]]")  [assignment]
src/organoid_analysis/visualization/volume_viewer/viewer_payload.py:308: error: Incompatible types in assignment (expression has type "dict[Any, Any] | None", variable has type "ndarray[tuple[Any, ...], dtype[Any]]")  [assignment]
src/organoid_analysis/visualization/volume_viewer/viewer_payload.py:319: error: Argument "mask" to "ViewerSpec" has incompatible type "ndarray[tuple[Any, ...], dtype[Any]]"; expected "dict[Any, Any] | None"  [arg-type]
src/organoid_analysis/visualization/volume_viewer/viewer_payload.py:400: error: Library stubs not installed for "scipy"  [import-untyped]
src/organoid_analysis/segmentation/cellpose_inference.py:154: error: Returning Any from function declared to return "ndarray[tuple[Any, ...], dtype[Any]]"  [no-any-return]
src/organoid_analysis/segmentation/cellpose_inference.py:163: error: Function is missing a return type annotation  [no-untyped-def]
src/organoid_analysis/segmentation/cellpose_inference.py:165: error: Skipping analyzing "cellpose": module is installed, but missing library stubs or py.typed marker  [import-untyped]
src/organoid_analysis/segmentation/cellpose_inference.py:181: error: Function is missing a type annotation for one or more parameters  [no-untyped-def]
src/organoid_analysis/segmentation/cellpose_inference.py:208: error: Library stubs not installed for "scipy"  [import-untyped]
src/organoid_analysis/segmentation/cellpose_inference.py:250: error: Argument 1 to "stack" has incompatible type "tuple[ndarray[tuple[Any, ...], dtype[Any]] | None, ndarray[tuple[Any, ...], dtype[Any]]]"; expected "Sequence[_SupportsArray[dtype[Any]] | _NestedSequence[_SupportsArray[dtype[Any]]]]"  [arg-type]
src/organoid_analysis/segmentation/cellpose_inference.py:262: error: Item "None" of "ndarray[tuple[Any, ...], dtype[Any]] | None" has no attribute "shape"  [union-attr]
src/organoid_analysis/segmentation/cellpose_inference.py:275: error: Argument 1 to "_upsample_masks" has incompatible type "ndarray[tuple[Any, ...], dtype[Any]] | None"; expected "ndarray[tuple[Any, ...], dtype[Any]]"  [arg-type]
src/organoid_analysis/segmentation/cellpose_inference.py:303: error: Returning Any from function declared to return "ndarray[tuple[Any, ...], dtype[Any]]"  [no-any-return]
src/organoid_analysis/segmentation/cellpose_inference.py:306: error: Function is missing a return type annotation  [no-untyped-def]
src/organoid_analysis/segmentation/cellpose_inference.py:327: error: Function is missing a return type annotation  [no-untyped-def]
src/organoid_analysis/segmentation/cellpose_inference.py:327: note: Use "-> None" if function does not return a value
src/organoid_analysis/segmentation/cellpose_inference.py:337: error: Function is missing a type annotation  [no-untyped-def]
src/organoid_analysis/segmentation/cellpose_inference.py:516: error: Argument "nuclei_count" to "SegmentationResult" has incompatible type "object"; expected "int"  [arg-type]
src/organoid_analysis/quantification/mask_features.py:33: error: Library stubs not installed for "pandas"  [import-untyped]
src/organoid_analysis/quantification/mask_features.py:51: error: Function is missing a type annotation for one or more parameters  [no-untyped-def]
src/organoid_analysis/quantification/mask_features.py:88: error: Function is missing a type annotation for one or more parameters  [no-untyped-def]
src/organoid_analysis/quantification/mask_features.py:173: error: Function is missing a type annotation for one or more parameters  [no-untyped-def]
src/organoid_analysis/workflows/demo_workflow.py:8: error: Library stubs not installed for "pandas"  [import-untyped]
src/organoid_analysis/workflows/demo_workflow.py:10: error: Library stubs not installed for "yaml"  [import-untyped]
src/organoid_analysis/workflows/demo_workflow.py:10: note: Hint: "python3 -m pip install types-PyYAML"
src/organoid_analysis/workflows/demo_workflow.py:11: error: Library stubs not installed for "scipy"  [import-untyped]
src/organoid_analysis/visualization/volume_viewer/__init__.py:50: error: Function is missing a return type annotation  [no-untyped-def]
src/organoid_analysis/visualization/volume_viewer/__init__.py:50: error: Function is missing a type annotation for one or more parameters  [no-untyped-def]
src/organoid_analysis/visualization/volume_viewer/__init__.py:99: error: Argument "render_mode" to "build_viewer_payload" has incompatible type "str"; expected "Literal['volume', 'mip', 'surface']"  [arg-type]
src/organoid_analysis/command_line/organoid_commands.py:13: error: Function is missing a type annotation for one or more parameters  [no-untyped-def]
src/organoid_analysis/command_line/organoid_commands.py:82: error: Function is missing a type annotation for one or more parameters  [no-untyped-def]
src/organoid_analysis/command_line/organoid_commands.py:141: error: Function is missing a type annotation for one or more parameters  [no-untyped-def]
src/organoid_analysis/web_interface/preview_2d.py:52: error: Function is missing a type annotation for one or more parameters  [no-untyped-def]
src/organoid_analysis/web_interface/preview_2d.py:59: error: Function is missing a return type annotation  [no-untyped-def]
src/organoid_analysis/web_interface/preview_2d.py:59: error: Function is missing a type annotation for one or more parameters  [no-untyped-def]
src/organoid_analysis/web_interface/preview_2d.py:108: error: List item 0 has incompatible type "str"; expected "Never"  [list-item]
src/organoid_analysis/web_interface/preview_2d.py:108: error: List item 1 has incompatible type "str"; expected "Never"  [list-item]
src/organoid_analysis/web_interface/preview_2d.py:108: error: List item 2 has incompatible type "str"; expected "Never"  [list-item]
src/organoid_analysis/web_interface/preview_2d.py:109: error: Argument "format_func" has incompatible type overloaded function; expected "Callable[[Any], str]"  [arg-type]
src/organoid_analysis/web_interface/preview_2d.py:132: error: Library stubs not installed for "scipy"  [import-untyped]
src/organoid_analysis/web_interface/preview_2d.py:169: error: Argument "preset" to "render_surface_image" has incompatible type "str | None"; expected "str"  [arg-type]
src/organoid_analysis/web_interface/segmentation_workspace.py:72: error: Function is missing a return type annotation  [no-untyped-def]
src/organoid_analysis/web_interface/segmentation_workspace.py:76: error: Function is missing a type annotation for one or more parameters  [no-untyped-def]
src/organoid_analysis/web_interface/segmentation_workspace.py:171: error: Library stubs not installed for "scipy"  [import-untyped]
src/organoid_analysis/web_interface/segmentation_workspace.py:208: error: Function is missing a type annotation for one or more parameters  [no-untyped-def]
src/organoid_analysis/web_interface/segmentation_workspace.py:419: error: Function is missing a type annotation for one or more parameters  [no-untyped-def]
src/organoid_analysis/web_interface/segmentation_workspace.py:431: error: Unsupported operand types for - ("float" and "None")  [operator]
src/organoid_analysis/web_interface/segmentation_workspace.py:431: note: Right operand is of type "float | None"
src/organoid_analysis/web_interface/segmentation_workspace.py:457: error: Unsupported operand types for - ("float" and "None")  [operator]
src/organoid_analysis/web_interface/segmentation_workspace.py:457: note: Right operand is of type "float | None"
src/organoid_analysis/web_interface/segmentation_workspace.py:458: error: Value of type variable "SupportsRichComparisonT" of "min" cannot be "float | None"  [type-var]
src/organoid_analysis/web_interface/segmentation_workspace.py:459: error: Unsupported operand types for * ("None" and "int")  [operator]
src/organoid_analysis/web_interface/segmentation_workspace.py:459: note: Left operand is of type "float | None"
src/organoid_analysis/web_interface/segmentation_workspace.py:462: error: Argument 1 to "progress" of "ProgressMixin" has incompatible type "float | None"; expected "int | float"  [arg-type]
src/organoid_analysis/web_interface/multilevel_results.py:9: error: Library stubs not installed for "pandas"  [import-untyped]
src/organoid_analysis/web_interface/multilevel_results.py:150: error: Incompatible return value type (got "tuple[dict[str, ndarray[tuple[Any, ...], dtype[Any]]], tuple[float, ...]]", expected "tuple[dict[str, ndarray[tuple[Any, ...], dtype[Any]]], tuple[float, float, float]] | None")  [return-value]
src/organoid_analysis/web_interface/demo_app.py:20: error: Function is missing a type annotation for one or more parameters  [no-untyped-def]
src/organoid_analysis/web_interface/demo_app.py:35: error: Returning Any from function declared to return "ndarray[tuple[Any, ...], dtype[Any]]"  [no-any-return]
src/organoid_analysis/web_interface/organoid_workspace.py:112: error: Argument 1 to "render_preview_tab" has incompatible type "SegmentationConfig | None"; expected "SegmentationConfig"  [arg-type]
src/organoid_analysis/web_interface/organoid_workspace.py:118: error: Argument 1 to "render_results_tab" has incompatible type "SegmentationConfig | None"; expected "SegmentationConfig"  [arg-type]
Found 194 errors in 37 files (checked 58 source files)
